Microchip MPLAB XC8 Compiler V2.05 ()

Linker command line:

-W-3 --edf=C:\Program Files (x86)\Microchip\xc8\v2.05\pic\dat\en_msgs.txt \
  -cs -h+dist/default/production\step.X.production.sym \
  --cmf=dist/default/production\step.X.production.cmf -z -Q16F887 \
  -oC:\Users\jmoli\AppData\Local\Temp\s8e8.2 --defsym=__MPLAB_BUILD=1 \
  -Mdist/default/production/step.X.production.map -E1 -ver=XC8 --acfsm=1493 \
  -ASTACK=0110h-016Fh -pstack=STACK -ACODE=00h-07FFhx4 -ASTRCODE=00h-01FFFh \
  -ASTRING=00h-0FFhx32 -ACONST=00h-0FFhx32 -AENTRY=00h-0FFhx32 \
  -ACOMMON=070h-07Fh -ABANK0=020h-06Fh -ABANK1=0A0h-0EFh \
  -ABANK2=0110h-016Fh -ABANK3=0190h-01EFh \
  -ARAM=020h-06Fh,0A0h-0EFh,0110h-016Fh,0190h-01EFh \
  -AABS1=020h-07Fh,0A0h-0EFh,0110h-016Fh,0190h-01EFh -ASFR0=00h-01Fh \
  -ASFR1=080h-09Fh -ASFR2=0100h-010Fh -ASFR3=0180h-018Fh \
  -preset_vec=00h,intentry,init,end_init -ppowerup=CODE -pcinit=CODE \
  -pfunctab=ENTRY -ACONFIG=02007h-02008h -pconfig=CONFIG -DCONFIG=2 \
  -AIDLOC=02000h-02003h -pidloc=IDLOC -DIDLOC=2 -AEEDATA=00h-0FFh/02100h \
  -peeprom_data=EEDATA -DEEDATA=2 -DCODE=2 -DSTRCODE=2 -DSTRING=2 -DCONST=2 \
  -DENTRY=2 -k C:\Users\jmoli\AppData\Local\Temp\s8e8.o \
  dist/default/production\step.X.production.o 

Object code version is 3.11

Machine type is 16F887



                Name                               Link     Load   Length Selector   Space Scale
C:\Users\jmoli\AppData\Local\Temp\s8e8.o
                end_init                              0        0        3        0       0
                config                             2007     2007        2     400E       0
dist/default/production\step.X.production.o
                cinit                               7F5      7F5        B      FEA       0
                text17                              370      370        D      6E0       0
                text16                              37D      37D        E      6FA       0
                text15                              596      596       A0      B2C       0
                text14                              3D4      3D4       1A      7A8       0
                text13                              356      356        7      6AC       0
                text12                              3A9      3A9       14      752       0
                text11                              484      484       54      908       0
                text10                              365      365        B      6CA       0
                text9                               3BD      3BD       17      77A       0
                text8                               399      399       10      732       0
                text7                               3EE      3EE       28      7DC       0
                text6                               38B      38B        E      716       0
                text5                               448      448       3C      890       0
                text4                               416      416       32      82C       0
                text3                               636      636       D8      C6C       0
                text2                               4D8      4D8       5F      9B0       0
                text1                               537      537       5F      A6E       0
                maintext                            70E      70E       E7      E1C       0
                cstackBANK0                          58       58       10       20       1
                cstackCOMMON                         70       70        E       70       1
                clrtext                             35D      35D        8      6BA       0
                bssBANK0                             20       20       38       20       1
                strings                               3        3       39        6       0

TOTAL           Name                               Link     Load   Length     Space
        CLASS   STACK          

        CLASS   CODE           
                end_init                              0        0        3         0
                cinit                               7F5      7F5        B         0
                text17                              370      370        D         0
                text16                              37D      37D        E         0
                text15                              596      596       A0         0
                text14                              3D4      3D4       1A         0
                text13                              356      356        7         0
                text12                              3A9      3A9       14         0
                text11                              484      484       54         0
                text10                              365      365        B         0
                text9                               3BD      3BD       17         0
                text8                               399      399       10         0
                text7                               3EE      3EE       28         0
                text6                               38B      38B        E         0
                text5                               448      448       3C         0
                text4                               416      416       32         0
                text3                               636      636       D8         0
                text2                               4D8      4D8       5F         0
                text1                               537      537       5F         0
                maintext                            70E      70E       E7         0
                clrtext                             35D      35D        8         0

        CLASS   STRCODE        

        CLASS   STRING         
                strings                               3        3       39         0

        CLASS   CONST          

        CLASS   ENTRY          

        CLASS   COMMON         
                cstackCOMMON                         70       70        E         1

        CLASS   BANK0          
                cstackBANK0                          58       58       10         1
                bssBANK0                             20       20       38         1

        CLASS   BANK1          

        CLASS   BANK2          

        CLASS   BANK3          

        CLASS   RAM            

        CLASS   ABS1           
                abs_s1                               7E       7E        2         1

        CLASS   SFR0           

        CLASS   SFR1           

        CLASS   SFR2           

        CLASS   SFR3           

        CLASS   CONFIG         
                config                             2007     2007        2         0

        CLASS   IDLOC          

        CLASS   EEDATA         



SEGMENTS        Name                           Load    Length   Top    Selector   Space  Class     Delta

                reset_vec                      000000  000003  000003         0       0  CODE        2
                strings                        000003  000039  00003C         6       0  STRING      2
                bssBANK0                       000020  000048  000068        20       1  BANK0       1
                cstackCOMMON                   000070  00000E  00007E        70       1  COMMON      1
                text13                         000356  000007  00035D       6AC       0  CODE        2
                clrtext                        00035D  000008  000365       6BA       0  CODE        2
                text10                         000365  00000B  000370       6CA       0  CODE        2
                text17                         000370  00000D  00037D       6E0       0  CODE        2
                text16                         00037D  00000E  00038B       6FA       0  CODE        2
                text6                          00038B  00000E  000399       716       0  CODE        2
                text8                          000399  000010  0003A9       732       0  CODE        2
                text12                         0003A9  000014  0003BD       752       0  CODE        2
                text9                          0003BD  000017  0003D4       77A       0  CODE        2
                text14                         0003D4  00001A  0003EE       7A8       0  CODE        2
                text7                          0003EE  000028  000416       7DC       0  CODE        2
                text4                          000416  000032  000448       82C       0  CODE        2
                text5                          000448  00003C  000484       890       0  CODE        2
                text11                         000484  000054  0004D8       908       0  CODE        2
                text2                          0004D8  00005F  000537       9B0       0  CODE        2
                text1                          000537  00005F  000596       A6E       0  CODE        2
                text15                         000596  0000A0  000636       B2C       0  CODE        2
                text3                          000636  0000D8  00070E       C6C       0  CODE        2
                maintext                       00070E  0000E7  0007F5       E1C       0  CODE        2
                cinit                          0007F5  00000B  000800       FEA       0  CODE        2
                config                         002007  000002  002009      400E       0  CONFIG      2


UNUSED ADDRESS RANGES

        Name                Unused          Largest block    Delta
        BANK0            0068-006F              8           1
        BANK1            00A0-00EF             50           1
        BANK2            0110-016F             60           1
        BANK3            0190-01EF             60           1
        CODE             003C-0355            31A           2
                         0800-1FFF            800
        CONST            003C-0355            100           2
                         0800-1FFF            100
        EEDATA           2100-21FF            100           2
        ENTRY            003C-0355            100           2
                         0800-1FFF            100
        IDLOC            2000-2003              4           2
        RAM              0068-006F              8           1
                         00A0-00EF             50
                         0110-016F             60
                         0190-01EF             60
        SFR0             0000-001F             20           1
        SFR1             0080-009F             20           1
        SFR2             0100-010F             10           1
        SFR3             0180-018F             10           1
        STACK            0110-016F             60           1
        STRCODE          003C-0355            31A           2
                         0800-1FFF           1800
        STRING           003C-0355            100           2
                         0800-1FFF            100

                                  Symbol Table

?___lwdiv                 cstackCOMMON 0070
?___lwmod                 cstackCOMMON 0078
?_sprintf                 cstackBANK0  0058
ADC_begin@freq            cstackCOMMON 0073
ADC_begin@option          cstackCOMMON 0074
ADC_channel@channel       cstackCOMMON 0071
ADC_freq@freq             cstackCOMMON 0071
ADC_option@option         cstackCOMMON 0072
LCD8_cmd@data             cstackCOMMON 0072
LCD8_set_cursor@column    cstackCOMMON 0073
LCD8_set_cursor@cursor    cstackCOMMON 0075
LCD8_set_cursor@row       cstackCOMMON 0076
LCD8_strWrite@data        cstackCOMMON 0072
LCD8_strWrite@i           cstackCOMMON 0075
LCD8_write@data           cstackCOMMON 0071
_ADCON0bits               (abs)        001F
_ADCON1bits               (abs)        009F
_ADC_begin                text14       03D4
_ADC_channel              text17       0370
_ADC_conversion           text13       0356
_ADC_freq                 text16       037D
_ADC_option               text15       0596
_ADRESH                   (abs)        001E
_ANSELHbits               (abs)        0189
_ANSELbits                (abs)        0188
_INTCONbits               (abs)        000B
_LCD8_begin               text11       0484
_LCD8_clear               text10       0365
_LCD8_cmd                 text12       03A9
_LCD8_set_cursor          text9        03BD
_LCD8_strWrite            text7        03EE
_LCD8_write               text8        0399
_OSCCONbits               (abs)        008F
_PIE1bits                 (abs)        008C
_PIR1bits                 (abs)        000C
_PORTA                    (abs)        0005
_PORTB                    (abs)        0006
_PORTD                    (abs)        0008
_RA1                      (abs)        0029
_RA2                      (abs)        002A
_RE2                      (abs)        004A
_RE3                      (abs)        004B
_TRISA1                   (abs)        0429
_TRISA2                   (abs)        042A
_TRISAbits                (abs)        0085
_TRISB                    (abs)        0086
_TRISBbits                (abs)        0086
_TRISD                    (abs)        0088
_TRISE                    (abs)        0089
_TRISEbits                (abs)        0089
__CFG_BOR4V$BOR40V        (abs)        0000
__CFG_BOREN$ON            (abs)        0000
__CFG_CP$OFF              (abs)        0000
__CFG_CPD$OFF             (abs)        0000
__CFG_FCMEN$OFF           (abs)        0000
__CFG_FOSC$INTRC_NOCLKOUT (abs)        0000
__CFG_IESO$OFF            (abs)        0000
__CFG_LVP$OFF             (abs)        0000
__CFG_MCLRE$OFF           (abs)        0000
__CFG_PWRTE$OFF           (abs)        0000
__CFG_WDTE$OFF            (abs)        0000
__CFG_WRT$OFF             (abs)        0000
__Habs1                   abs1         0000
__Hbank0                  bank0        0000
__Hbank1                  bank1        0000
__Hbank2                  bank2        0000
__Hbank3                  bank3        0000
__HbssBANK0               bssBANK0     0000
__Hcinit                  cinit        0800
__Hclrtext                clrtext      0000
__Hcode                   code         0000
__Hcommon                 common       0000
__Hconfig                 config       2009
__HcstackBANK0            cstackBANK0  0000
__HcstackCOMMON           cstackCOMMON 0000
__Heeprom_data            eeprom_data  0000
__Hend_init               end_init     0003
__Hfunctab                functab      0000
__Hidloc                  idloc        0000
__Hinit                   init         0000
__Hintentry               intentry     0000
__Hmaintext               maintext     0000
__Hpowerup                powerup      0000
__Hram                    ram          0000
__Hreset_vec              reset_vec    0000
__Hsfr0                   sfr0         0000
__Hsfr1                   sfr1         0000
__Hsfr2                   sfr2         0000
__Hsfr3                   sfr3         0000
__Hspace_0                (abs)        2009
__Hspace_1                (abs)        007E
__Hspace_2                (abs)        0000
__Hspace_3                (abs)        0000
__Hstack                  stack        0000
__Hstrings                strings      0000
__Htext                   text         0000
__Labs1                   abs1         0000
__Lbank0                  bank0        0000
__Lbank1                  bank1        0000
__Lbank2                  bank2        0000
__Lbank3                  bank3        0000
__LbssBANK0               bssBANK0     0000
__Lcinit                  cinit        07F5
__Lclrtext                clrtext      0000
__Lcode                   code         0000
__Lcommon                 common       0000
__Lconfig                 config       2007
__LcstackBANK0            cstackBANK0  0000
__LcstackCOMMON           cstackCOMMON 0000
__Leeprom_data            eeprom_data  0000
__Lend_init               end_init     0000
__Lfunctab                functab      0000
__Lidloc                  idloc        0000
__Linit                   init         0000
__Lintentry               intentry     0000
__Lmaintext               maintext     0000
__Lpowerup                powerup      0000
__Lram                    ram          0000
__Lreset_vec              reset_vec    0000
__Lsfr0                   sfr0         0000
__Lsfr1                   sfr1         0000
__Lsfr2                   sfr2         0000
__Lsfr3                   sfr3         0000
__Lspace_0                (abs)        0000
__Lspace_1                (abs)        0000
__Lspace_2                (abs)        0000
__Lspace_3                (abs)        0000
__Lstack                  stack        0000
__Lstrings                strings      0000
__Ltext                   text         0000
__S0                      (abs)        2009
__S1                      (abs)        007E
__S2                      (abs)        0000
__S3                      (abs)        0000
___int_sp                 stack        0000
___latbits                (abs)        0002
___lwdiv                  text5        0448
___lwdiv@counter          cstackCOMMON 0077
___lwdiv@dividend         cstackCOMMON 0072
___lwdiv@divisor          cstackCOMMON 0070
___lwdiv@quotient         cstackCOMMON 0075
___lwmod                  text4        0416
___lwmod@counter          cstackCOMMON 007D
___lwmod@dividend         cstackCOMMON 007A
___lwmod@divisor          cstackCOMMON 0078
___sp                     stack        0000
___stackhi                (abs)        0000
___stacklo                (abs)        0000
__end_of_ADC_begin        text14       03EE
__end_of_ADC_channel      text17       037D
__end_of_ADC_conversion   text13       035D
__end_of_ADC_freq         text16       038B
__end_of_ADC_option       text15       0636
__end_of_LCD8_begin       text11       04D8
__end_of_LCD8_clear       text10       0370
__end_of_LCD8_cmd         text12       03BD
__end_of_LCD8_set_cursor  text9        03D4
__end_of_LCD8_strWrite    text7        0416
__end_of_LCD8_write       text8        03A9
__end_of___lwdiv          text5        0484
__end_of___lwmod          text4        0448
__end_of__initialization  cinit        07FC
__end_of__stringtab       strings      0013
__end_of_dpowers          strings      001D
__end_of_main             maintext     07F5
__end_of_oscilator_begin  text6        0399
__end_of_sprintf          text3        070E
__end_of_wave_rev         text2        0537
__end_of_wave_step        text1        0596
__initialization          cinit        07F5
__pbssBANK0               bssBANK0     0020
__pcstackBANK0            cstackBANK0  0058
__pcstackCOMMON           cstackCOMMON 0070
__pmaintext               maintext     070E
__pstrings                strings      0003
__ptext1                  text1        0537
__ptext10                 text10       0365
__ptext11                 text11       0484
__ptext12                 text12       03A9
__ptext13                 text13       0356
__ptext14                 text14       03D4
__ptext15                 text15       0596
__ptext16                 text16       037D
__ptext17                 text17       0370
__ptext2                  text2        04D8
__ptext3                  text3        0636
__ptext4                  text4        0416
__ptext5                  text5        0448
__ptext6                  text6        038B
__ptext7                  text7        03EE
__ptext8                  text8        0399
__ptext9                  text9        03BD
__size_of_ADC_begin       (abs)        0000
__size_of_ADC_channel     (abs)        0000
__size_of_ADC_conversion  (abs)        0000
__size_of_ADC_freq        (abs)        0000
__size_of_ADC_option      (abs)        0000
__size_of_LCD8_begin      (abs)        0000
__size_of_LCD8_clear      (abs)        0000
__size_of_LCD8_cmd        (abs)        0000
__size_of_LCD8_set_cursor (abs)        0000
__size_of_LCD8_strWrite   (abs)        0000
__size_of_LCD8_write      (abs)        0000
__size_of___lwdiv         (abs)        0000
__size_of___lwmod         (abs)        0000
__size_of_main            (abs)        0000
__size_of_oscilator_begin (abs)        0000
__size_of_sprintf         (abs)        0000
__size_of_wave_rev        (abs)        0000
__size_of_wave_step       (abs)        0000
__stringbase              strings      0012
__stringtab               strings      0003
_adc_read                 bssBANK0     0034
_dpowers                  strings      0013
_main                     maintext     070E
_oscilator_begin          text6        038B
_show                     bssBANK0     0049
_sprintf                  text3        0636
_step                     bssBANK0     0030
_test                     bssBANK0     0035
_theta                    bssBANK0     002E
_wave_rev                 text2        04D8
_wave_step                text1        0537
btemp                     (abs)        007E
clear_ram0                clrtext      035D
end_of_initialization     cinit        07FC
full_rev@i                bssBANK0     0032
full_step@i               bssBANK0     0028
intlevel0                 functab      0000
intlevel1                 functab      0000
intlevel2                 functab      0000
intlevel3                 functab      0000
intlevel4                 functab      0000
intlevel5                 functab      0000
oscilator_begin@freq      cstackCOMMON 0071
reset_vec                 reset_vec    0000
sprintf@ap                cstackBANK0  005E
sprintf@c                 cstackBANK0  0064
sprintf@f                 cstackBANK0  0058
sprintf@flag              cstackBANK0  005F
sprintf@prec              cstackBANK0  0060
sprintf@sp                cstackBANK0  0063
sprintf@val               cstackBANK0  0061
start                     init         0000
start_initialization      cinit        07F5
wave_rev@a                bssBANK0     0020
wave_rev@i                bssBANK0     0022
wave_rev@steps            cstackCOMMON 0070
wave_step@a               bssBANK0     0024
wave_step@i               bssBANK0     0026
wave_step@steps           cstackCOMMON 0070
wtemp0                    (abs)        007E


FUNCTION INFORMATION:

 *************** function _main *****************
 Defined at:
		line 40 in file "main_stepper.c"
 Parameters:    Size  Location     Type
		None
 Auto vars:     Size  Location     Type
		None
 Return value:  Size  Location     Type
                  1    wreg      void 
 Registers used:
		wreg, fsr0l, fsr0h, status,2, status,0, btemp+1, pclath, cstack
 Tracked objects:
		On entry : 
		On exit  : 
		Unchanged: 
 Data sizes:     COMMON   BANK0   BANK1   BANK3   BANK2
      Params:         0       0       0       0       0
      Locals:         0       0       0       0       0
      Temps:          0       3       0       0       0
      Totals:         0       3       0       0       0
Total ram usage:        3 bytes
 Hardware stack levels required when called:    2
 This function calls:
		_ADC_begin
		_ADC_conversion
		_LCD8_begin
		_LCD8_clear
		_LCD8_set_cursor
		_LCD8_strWrite
		___lwdiv
		_oscilator_begin
		_sprintf
		_wave_rev
		_wave_step
 This function is called by:
		Startup code after reset
 This function uses a non-reentrant model


 *************** function _wave_step *****************
 Defined at:
		line 35 in file "stepper.c"
 Parameters:    Size  Location     Type
  steps           2    0[COMMON] unsigned int 
 Auto vars:     Size  Location     Type
		None
 Return value:  Size  Location     Type
                  1    wreg      void 
 Registers used:
		wreg, status,2, status,0
 Tracked objects:
		On entry : 
		On exit  : 
		Unchanged: 
 Data sizes:     COMMON   BANK0   BANK1   BANK3   BANK2
      Params:         2       0       0       0       0
      Locals:         0       0       0       0       0
      Temps:          2       0       0       0       0
      Totals:         4       0       0       0       0
Total ram usage:        4 bytes
 Hardware stack levels used:    1
 This function calls:
		Nothing
 This function is called by:
		_main
 This function uses a non-reentrant model


 *************** function _wave_rev *****************
 Defined at:
		line 90 in file "stepper.c"
 Parameters:    Size  Location     Type
  steps           2    0[COMMON] unsigned int 
 Auto vars:     Size  Location     Type
		None
 Return value:  Size  Location     Type
                  1    wreg      void 
 Registers used:
		wreg, status,2, status,0
 Tracked objects:
		On entry : 
		On exit  : 
		Unchanged: 
 Data sizes:     COMMON   BANK0   BANK1   BANK3   BANK2
      Params:         2       0       0       0       0
      Locals:         0       0       0       0       0
      Temps:          2       0       0       0       0
      Totals:         4       0       0       0       0
Total ram usage:        4 bytes
 Hardware stack levels used:    1
 This function calls:
		Nothing
 This function is called by:
		_main
 This function uses a non-reentrant model


 *************** function _sprintf *****************
 Defined at:
		line 500 in file "C:\Program Files (x86)\Microchip\xc8\v2.05\pic\sources\c90\common\doprnt.c"
 Parameters:    Size  Location     Type
  sp              1    wreg     PTR unsigned char 
		 -> test(20), show(15), 
  f               1    0[BANK0 ] PTR const unsigned char 
		 -> STR_3(13), STR_2(11), 
 Auto vars:     Size  Location     Type
  sp              1   11[BANK0 ] PTR unsigned char 
		 -> test(20), show(15), 
  tmpval          4    0        struct .
  val             2    9[BANK0 ] unsigned int 
  cp              2    0        PTR const unsigned char 
  len             2    0        unsigned int 
  c               1   12[BANK0 ] unsigned char 
  prec            1    8[BANK0 ] char 
  flag            1    7[BANK0 ] unsigned char 
  ap              1    6[BANK0 ] PTR void [1]
		 -> ?_sprintf(2), 
 Return value:  Size  Location     Type
                  2    0[BANK0 ] int 
 Registers used:
		wreg, fsr0l, fsr0h, status,2, status,0, btemp+1, pclath, cstack
 Tracked objects:
		On entry : 
		On exit  : 
		Unchanged: 
 Data sizes:     COMMON   BANK0   BANK1   BANK3   BANK2
      Params:         0       3       0       0       0
      Locals:         0       7       0       0       0
      Temps:          0       3       0       0       0
      Totals:         0      13       0       0       0
Total ram usage:       13 bytes
 Hardware stack levels used:    1
 Hardware stack levels required when called:    1
 This function calls:
		___lwdiv
		___lwmod
 This function is called by:
		_main
 This function uses a non-reentrant model


 *************** function ___lwmod *****************
 Defined at:
		line 5 in file "C:\Program Files (x86)\Microchip\xc8\v2.05\pic\sources\c90\common\lwmod.c"
 Parameters:    Size  Location     Type
  divisor         2    8[COMMON] unsigned int 
  dividend        2   10[COMMON] unsigned int 
 Auto vars:     Size  Location     Type
  counter         1   13[COMMON] unsigned char 
 Return value:  Size  Location     Type
                  2    8[COMMON] unsigned int 
 Registers used:
		wreg, status,2, status,0
 Tracked objects:
		On entry : 
		On exit  : 
		Unchanged: 
 Data sizes:     COMMON   BANK0   BANK1   BANK3   BANK2
      Params:         4       0       0       0       0
      Locals:         1       0       0       0       0
      Temps:          1       0       0       0       0
      Totals:         6       0       0       0       0
Total ram usage:        6 bytes
 Hardware stack levels used:    1
 This function calls:
		Nothing
 This function is called by:
		_sprintf
 This function uses a non-reentrant model


 *************** function ___lwdiv *****************
 Defined at:
		line 5 in file "C:\Program Files (x86)\Microchip\xc8\v2.05\pic\sources\c90\common\lwdiv.c"
 Parameters:    Size  Location     Type
  divisor         2    0[COMMON] unsigned int 
  dividend        2    2[COMMON] unsigned int 
 Auto vars:     Size  Location     Type
  quotient        2    5[COMMON] unsigned int 
  counter         1    7[COMMON] unsigned char 
 Return value:  Size  Location     Type
                  2    0[COMMON] unsigned int 
 Registers used:
		wreg, status,2, status,0
 Tracked objects:
		On entry : 
		On exit  : 
		Unchanged: 
 Data sizes:     COMMON   BANK0   BANK1   BANK3   BANK2
      Params:         4       0       0       0       0
      Locals:         3       0       0       0       0
      Temps:          1       0       0       0       0
      Totals:         8       0       0       0       0
Total ram usage:        8 bytes
 Hardware stack levels used:    1
 This function calls:
		Nothing
 This function is called by:
		_main
		_sprintf
 This function uses a non-reentrant model


 *************** function _oscilator_begin *****************
 Defined at:
		line 9 in file "./Oscilator.h"
 Parameters:    Size  Location     Type
  freq            1    wreg     unsigned char 
 Auto vars:     Size  Location     Type
  freq            1    1[COMMON] unsigned char 
 Return value:  Size  Location     Type
                  1    wreg      void 
 Registers used:
		wreg, status,2, status,0
 Tracked objects:
		On entry : 
		On exit  : 
		Unchanged: 
 Data sizes:     COMMON   BANK0   BANK1   BANK3   BANK2
      Params:         0       0       0       0       0
      Locals:         1       0       0       0       0
      Temps:          1       0       0       0       0
      Totals:         2       0       0       0       0
Total ram usage:        2 bytes
 Hardware stack levels used:    1
 This function calls:
		Nothing
 This function is called by:
		_main
 This function uses a non-reentrant model


 *************** function _LCD8_strWrite *****************
 Defined at:
		line 55 in file "./LCD8bit.h"
 Parameters:    Size  Location     Type
  data            2    2[COMMON] PTR unsigned char 
		 -> test(20), show(15), STR_1(7), 
 Auto vars:     Size  Location     Type
  i               1    5[COMMON] unsigned char 
 Return value:  Size  Location     Type
                  1    wreg      void 
 Registers used:
		wreg, fsr0l, fsr0h, status,2, status,0, btemp+1, pclath, cstack
 Tracked objects:
		On entry : 
		On exit  : 
		Unchanged: 
 Data sizes:     COMMON   BANK0   BANK1   BANK3   BANK2
      Params:         2       0       0       0       0
      Locals:         1       0       0       0       0
      Temps:          1       0       0       0       0
      Totals:         4       0       0       0       0
Total ram usage:        4 bytes
 Hardware stack levels used:    1
 Hardware stack levels required when called:    1
 This function calls:
		_LCD8_write
 This function is called by:
		_main
 This function uses a non-reentrant model


 *************** function _LCD8_write *****************
 Defined at:
		line 4 in file "./LCD8bit.h"
 Parameters:    Size  Location     Type
  data            1    wreg     unsigned char 
 Auto vars:     Size  Location     Type
  data            1    1[COMMON] unsigned char 
 Return value:  Size  Location     Type
                  1    wreg      void 
 Registers used:
		wreg
 Tracked objects:
		On entry : 
		On exit  : 
		Unchanged: 
 Data sizes:     COMMON   BANK0   BANK1   BANK3   BANK2
      Params:         0       0       0       0       0
      Locals:         1       0       0       0       0
      Temps:          1       0       0       0       0
      Totals:         2       0       0       0       0
Total ram usage:        2 bytes
 Hardware stack levels used:    1
 This function calls:
		Nothing
 This function is called by:
		_LCD8_strWrite
 This function uses a non-reentrant model


 *************** function _LCD8_set_cursor *****************
 Defined at:
		line 21 in file "./LCD8bit.h"
 Parameters:    Size  Location     Type
  row             1    wreg     unsigned char 
  column          1    3[COMMON] unsigned char 
 Auto vars:     Size  Location     Type
  row             1    6[COMMON] unsigned char 
  cursor          1    5[COMMON] unsigned char 
 Return value:  Size  Location     Type
                  1    wreg      void 
 Registers used:
		wreg, status,2, status,0, pclath, cstack
 Tracked objects:
		On entry : 
		On exit  : 
		Unchanged: 
 Data sizes:     COMMON   BANK0   BANK1   BANK3   BANK2
      Params:         1       0       0       0       0
      Locals:         2       0       0       0       0
      Temps:          1       0       0       0       0
      Totals:         4       0       0       0       0
Total ram usage:        4 bytes
 Hardware stack levels used:    1
 Hardware stack levels required when called:    1
 This function calls:
		_LCD8_cmd
 This function is called by:
		_main
 This function uses a non-reentrant model


 *************** function _LCD8_clear *****************
 Defined at:
		line 32 in file "./LCD8bit.h"
 Parameters:    Size  Location     Type
		None
 Auto vars:     Size  Location     Type
		None
 Return value:  Size  Location     Type
                  1    wreg      void 
 Registers used:
		wreg, status,2, status,0, pclath, cstack
 Tracked objects:
		On entry : 
		On exit  : 
		Unchanged: 
 Data sizes:     COMMON   BANK0   BANK1   BANK3   BANK2
      Params:         0       0       0       0       0
      Locals:         0       0       0       0       0
      Temps:          0       0       0       0       0
      Totals:         0       0       0       0       0
Total ram usage:        0 bytes
 Hardware stack levels used:    1
 Hardware stack levels required when called:    1
 This function calls:
		_LCD8_cmd
 This function is called by:
		_main
 This function uses a non-reentrant model


 *************** function _LCD8_begin *****************
 Defined at:
		line 37 in file "./LCD8bit.h"
 Parameters:    Size  Location     Type
		None
 Auto vars:     Size  Location     Type
		None
 Return value:  Size  Location     Type
                  1    wreg      void 
 Registers used:
		wreg, status,2, status,0, pclath, cstack
 Tracked objects:
		On entry : 
		On exit  : 
		Unchanged: 
 Data sizes:     COMMON   BANK0   BANK1   BANK3   BANK2
      Params:         0       0       0       0       0
      Locals:         0       0       0       0       0
      Temps:          2       0       0       0       0
      Totals:         2       0       0       0       0
Total ram usage:        2 bytes
 Hardware stack levels used:    1
 Hardware stack levels required when called:    1
 This function calls:
		_LCD8_cmd
 This function is called by:
		_main
 This function uses a non-reentrant model


 *************** function _LCD8_cmd *****************
 Defined at:
		line 12 in file "./LCD8bit.h"
 Parameters:    Size  Location     Type
  data            1    wreg     unsigned char 
 Auto vars:     Size  Location     Type
  data            1    2[COMMON] unsigned char 
 Return value:  Size  Location     Type
                  1    wreg      void 
 Registers used:
		wreg
 Tracked objects:
		On entry : 
		On exit  : 
		Unchanged: 
 Data sizes:     COMMON   BANK0   BANK1   BANK3   BANK2
      Params:         0       0       0       0       0
      Locals:         1       0       0       0       0
      Temps:          2       0       0       0       0
      Totals:         3       0       0       0       0
Total ram usage:        3 bytes
 Hardware stack levels used:    1
 This function calls:
		Nothing
 This function is called by:
		_LCD8_set_cursor
		_LCD8_clear
		_LCD8_begin
		_LCD8_shiftR
		_LCD8_shiftL
 This function uses a non-reentrant model


 *************** function _ADC_conversion *****************
 Defined at:
		line 117 in file "./ADC.h"
 Parameters:    Size  Location     Type
		None
 Auto vars:     Size  Location     Type
		None
 Return value:  Size  Location     Type
                  1    wreg      unsigned char 
 Registers used:
		wreg
 Tracked objects:
		On entry : 
		On exit  : 
		Unchanged: 
 Data sizes:     COMMON   BANK0   BANK1   BANK3   BANK2
      Params:         0       0       0       0       0
      Locals:         0       0       0       0       0
      Temps:          0       0       0       0       0
      Totals:         0       0       0       0       0
Total ram usage:        0 bytes
 Hardware stack levels used:    1
 This function calls:
		Nothing
 This function is called by:
		_main
 This function uses a non-reentrant model


 *************** function _ADC_begin *****************
 Defined at:
		line 84 in file "./ADC.h"
 Parameters:    Size  Location     Type
  option          1    wreg     unsigned char 
  freq            1    3[COMMON] unsigned char 
 Auto vars:     Size  Location     Type
  option          1    4[COMMON] unsigned char 
 Return value:  Size  Location     Type
                  1    wreg      void 
 Registers used:
		wreg, fsr0l, fsr0h, status,2, status,0, pclath, cstack
 Tracked objects:
		On entry : 
		On exit  : 
		Unchanged: 
 Data sizes:     COMMON   BANK0   BANK1   BANK3   BANK2
      Params:         1       0       0       0       0
      Locals:         1       0       0       0       0
      Temps:          0       0       0       0       0
      Totals:         2       0       0       0       0
Total ram usage:        2 bytes
 Hardware stack levels used:    1
 Hardware stack levels required when called:    1
 This function calls:
		_ADC_channel
		_ADC_freq
		_ADC_option
 This function is called by:
		_main
 This function uses a non-reentrant model


 *************** function _ADC_option *****************
 Defined at:
		line 2 in file "./ADC.h"
 Parameters:    Size  Location     Type
  option          1    wreg     unsigned char 
 Auto vars:     Size  Location     Type
  option          1    2[COMMON] unsigned char 
 Return value:  Size  Location     Type
                  1    wreg      void 
 Registers used:
		wreg, fsr0l, fsr0h, status,2, status,0
 Tracked objects:
		On entry : 
		On exit  : 
		Unchanged: 
 Data sizes:     COMMON   BANK0   BANK1   BANK3   BANK2
      Params:         0       0       0       0       0
      Locals:         1       0       0       0       0
      Temps:          2       0       0       0       0
      Totals:         3       0       0       0       0
Total ram usage:        3 bytes
 Hardware stack levels used:    1
 This function calls:
		Nothing
 This function is called by:
		_ADC_begin
		_ADC_int_begin
 This function uses a non-reentrant model


 *************** function _ADC_freq *****************
 Defined at:
		line 67 in file "./ADC.h"
 Parameters:    Size  Location     Type
  freq            1    wreg     unsigned char 
 Auto vars:     Size  Location     Type
  freq            1    1[COMMON] unsigned char 
 Return value:  Size  Location     Type
                  1    wreg      void 
 Registers used:
		wreg, status,2, status,0
 Tracked objects:
		On entry : 
		On exit  : 
		Unchanged: 
 Data sizes:     COMMON   BANK0   BANK1   BANK3   BANK2
      Params:         0       0       0       0       0
      Locals:         1       0       0       0       0
      Temps:          1       0       0       0       0
      Totals:         2       0       0       0       0
Total ram usage:        2 bytes
 Hardware stack levels used:    1
 This function calls:
		Nothing
 This function is called by:
		_ADC_begin
		_ADC_int_begin
 This function uses a non-reentrant model


 *************** function _ADC_channel *****************
 Defined at:
		line 77 in file "./ADC.h"
 Parameters:    Size  Location     Type
  channel         1    wreg     unsigned char 
 Auto vars:     Size  Location     Type
  channel         1    1[COMMON] unsigned char 
 Return value:  Size  Location     Type
                  1    wreg      void 
 Registers used:
		wreg, status,2, status,0
 Tracked objects:
		On entry : 
		On exit  : 
		Unchanged: 
 Data sizes:     COMMON   BANK0   BANK1   BANK3   BANK2
      Params:         0       0       0       0       0
      Locals:         1       0       0       0       0
      Temps:          1       0       0       0       0
      Totals:         2       0       0       0       0
Total ram usage:        2 bytes
 Hardware stack levels used:    1
 This function calls:
		Nothing
 This function is called by:
		_ADC_begin
		_ADC_int_begin
 This function uses a non-reentrant model



MODULE INFORMATION

Module		Function		Class		Link	Load	Size
C:\Program Files (x86)\Microchip\xc8\v2.05\pic\sources\c90\common\doprnt.c
		_sprintf       		CODE           	0636	0000	217

C:\Program Files (x86)\Microchip\xc8\v2.05\pic\sources\c90\common\doprnt.c estimated size: 217

./ADC.h
		_ADC_conversion		CODE           	0356	0000	8
		_ADC_freq      		CODE           	037D	0000	15
		_ADC_option    		CODE           	0596	0000	161
		_ADC_begin     		CODE           	03D4	0000	27
		_ADC_channel   		CODE           	0370	0000	14

./ADC.h estimated size: 225

./Oscilator.h
		_oscilator_begin		CODE           	038B	0000	15

./Oscilator.h estimated size: 15

C:\Program Files (x86)\Microchip\xc8\v2.05\pic\sources\c90\common\lwdiv.c
		___lwdiv       		CODE           	0448	0000	61

C:\Program Files (x86)\Microchip\xc8\v2.05\pic\sources\c90\common\lwdiv.c estimated size: 61

stepper.c
		_wave_rev      		CODE           	04D8	0000	96
		_wave_step     		CODE           	0537	0000	96

stepper.c estimated size: 192

shared
		__stringtab    		STRING         	0003	0000	17
		_dpowers       		STRING         	0013	0000	11
		__initialization		CODE           	07F5	0000	8

shared estimated size: 36

main_stepper.c
		_main          		CODE           	070E	0000	232

main_stepper.c estimated size: 232

C:\Program Files (x86)\Microchip\xc8\v2.05\pic\sources\c90\common\lwmod.c
		___lwmod       		CODE           	0416	0000	51

C:\Program Files (x86)\Microchip\xc8\v2.05\pic\sources\c90\common\lwmod.c estimated size: 51

./LCD8bit.h
		_LCD8_set_cursor		CODE           	03BD	0000	24
		_LCD8_cmd      		CODE           	03A9	0000	21
		_LCD8_begin    		CODE           	0484	0000	85
		_LCD8_clear    		CODE           	0365	0000	12
		_LCD8_write    		CODE           	0399	0000	17
		_LCD8_strWrite 		CODE           	03EE	0000	41

./LCD8bit.h estimated size: 200

