Microchip MPLAB XC8 Compiler V2.05 ()

Linker command line:

-W-3 --edf=C:\Program Files (x86)\Microchip\xc8\v2.05\pic\dat\en_msgs.txt \
  -cs -h+dist/default/production\m1.X.production.sym \
  --cmf=dist/default/production\m1.X.production.cmf -z -Q16F887 \
  -oC:\Users\jmoli\AppData\Local\Temp\sct4.2 --defsym=__MPLAB_BUILD=1 \
  -Mdist/default/production/m1.X.production.map -E1 -ver=XC8 --acfsm=1493 \
  -ASTACK=0110h-016Fh -pstack=STACK -ACODE=00h-07FFhx4 -ASTRCODE=00h-01FFFh \
  -ASTRING=00h-0FFhx32 -ACONST=00h-0FFhx32 -AENTRY=00h-0FFhx32 \
  -ACOMMON=070h-07Fh -ABANK0=020h-06Fh -ABANK1=0A0h-0EFh \
  -ABANK2=0110h-016Fh -ABANK3=0190h-01EFh \
  -ARAM=020h-06Fh,0A0h-0EFh,0110h-016Fh,0190h-01EFh \
  -AABS1=020h-07Fh,0A0h-0EFh,0110h-016Fh,0190h-01EFh -ASFR0=00h-01Fh \
  -ASFR1=080h-09Fh -ASFR2=0100h-010Fh -ASFR3=0180h-018Fh \
  -preset_vec=00h,intentry=04h,init,end_init -ppowerup=CODE -pcinit=CODE \
  -pfunctab=ENTRY -ACONFIG=02007h-02008h -pconfig=CONFIG -DCONFIG=2 \
  -AIDLOC=02000h-02003h -pidloc=IDLOC -DIDLOC=2 -AEEDATA=00h-0FFh/02100h \
  -peeprom_data=EEDATA -DEEDATA=2 -DCODE=2 -DSTRCODE=2 -DSTRING=2 -DCONST=2 \
  -DENTRY=2 -k C:\Users\jmoli\AppData\Local\Temp\sct4.o \
  dist/default/production\m1.X.production.o 

Object code version is 3.11

Machine type is 16F887



                Name                               Link     Load   Length Selector   Space Scale
C:\Users\jmoli\AppData\Local\Temp\sct4.o
                end_init                              C        C        3        8       0
                reset_vec                             0        0        3        0       0
                config                             2007     2007        2     400E       0
dist/default/production\m1.X.production.o
                cinit                                 F        F       1A        8       0
                intentry                              4        4        8        8       0
                text25                              ECE      ECE       12     1D9C       0
                text24                              EE0      EE0       14     1DC0       0
                text23                              6E2      6E2       19        8       0
                text22                              EBE      EBE       10     1D7C       0
                text21                              F3C      F3C       2A     1E78       0
                text20                              E75      E75        7     1CEA       0
                text19                              EA1      EA1        9     1D42       0
                text18                              EAA      EAA        9     1D54       0
                text17                              F66      F66       2E     1ECC       0
                text16                              E7C      E7C        7     1CF8       0
                text15                              E83      E83        7     1D06       0
                text14                              E8A      E8A        7     1D14       0
                text13                              E91      E91        8     1D22       0
                text12                              7B2      7B2       3F      EBC       0
                text11                              644      644       60        8       0
                text10                              FC8      FC8       38     1F90       0
                text9                               75E      75E       54      EBC       0
                text8                               EB3      EB3        B     1D66       0
                text7                               7F1      7F1        E      EBC       0
                text6                               EF4      EF4       20     1DE8       0
                text5                               F14      F14       28     1E28       0
                text4                               5CE      5CE       76        8       0
                text3                               6A4      6A4       3E        8       0
                text2                               F94      F94       34     1F28       0
                text1                               4F4      4F4       DA        8       0
                maintext                             29       29      4CB        8       0
                cstackBANK0                          4D       4D       19       20       1
                cstackCOMMON                         70       70        8       70       1
                clrtext                             E99      E99        8     1D32       0
                dataBANK0                            66       66        2       20       1
                bssBANK0                             20       20       2D       20       1
                bssCOMMON                            78       78        3       70       1
                strings                             700      700       5E      E00       0
                idataBANK0                          6FB      6FB        2        8       0

TOTAL           Name                               Link     Load   Length     Space
        CLASS   STACK          

        CLASS   CODE           
                end_init                              C        C        3         0
                cinit                                 F        F       1A         0
                intentry                              4        4        8         0
                reset_vec                             0        0        3         0
                text25                              ECE      ECE       12         0
                text24                              EE0      EE0       14         0
                text23                              6E2      6E2       19         0
                text22                              EBE      EBE       10         0
                text21                              F3C      F3C       2A         0
                text20                              E75      E75        7         0
                text19                              EA1      EA1        9         0
                text18                              EAA      EAA        9         0
                text17                              F66      F66       2E         0
                text16                              E7C      E7C        7         0
                text15                              E83      E83        7         0
                text14                              E8A      E8A        7         0
                text13                              E91      E91        8         0
                text12                              7B2      7B2       3F         0
                text11                              644      644       60         0
                text10                              FC8      FC8       38         0
                text9                               75E      75E       54         0
                text8                               EB3      EB3        B         0
                text7                               7F1      7F1        E         0
                text6                               EF4      EF4       20         0
                text5                               F14      F14       28         0
                text4                               5CE      5CE       76         0
                text3                               6A4      6A4       3E         0
                text2                               F94      F94       34         0
                text1                               4F4      4F4       DA         0
                maintext                             29       29      4CB         0
                clrtext                             E99      E99        8         0
                idataBANK0                          6FB      6FB        2         0

        CLASS   STRCODE        

        CLASS   STRING         
                strings                             700      700       5E         0

        CLASS   CONST          

        CLASS   ENTRY          

        CLASS   COMMON         
                cstackCOMMON                         70       70        8         1
                bssCOMMON                            78       78        3         1

        CLASS   BANK0          
                cstackBANK0                          4D       4D       19         1
                dataBANK0                            66       66        2         1
                bssBANK0                             20       20       2D         1

        CLASS   BANK1          

        CLASS   BANK2          

        CLASS   BANK3          

        CLASS   RAM            

        CLASS   ABS1           
                abs_s1                               7E       7E        2         1

        CLASS   SFR0           

        CLASS   SFR1           

        CLASS   SFR2           

        CLASS   SFR3           

        CLASS   CONFIG         
                config                             2007     2007        2         0

        CLASS   IDLOC          

        CLASS   EEDATA         



SEGMENTS        Name                           Load    Length   Top    Selector   Space  Class     Delta

                reset_vec                      000000  000003  000003         0       0  CODE        2
                intentry                       000004  0006F9  0006FD         8       0  CODE        2
                bssBANK0                       000020  000048  000068        20       1  BANK0       1
                cstackCOMMON                   000070  00000B  00007B        70       1  COMMON      1
                strings                        000700  00005E  00075E       E00       0  STRING      2
                text9                          00075E  0000A1  0007FF       EBC       0  CODE        2
                text20                         000E75  000007  000E7C      1CEA       0  CODE        2
                text16                         000E7C  000007  000E83      1CF8       0  CODE        2
                text15                         000E83  000007  000E8A      1D06       0  CODE        2
                text14                         000E8A  000007  000E91      1D14       0  CODE        2
                text13                         000E91  000008  000E99      1D22       0  CODE        2
                clrtext                        000E99  000008  000EA1      1D32       0  CODE        2
                text19                         000EA1  000009  000EAA      1D42       0  CODE        2
                text18                         000EAA  000009  000EB3      1D54       0  CODE        2
                text8                          000EB3  00000B  000EBE      1D66       0  CODE        2
                text22                         000EBE  000010  000ECE      1D7C       0  CODE        2
                text25                         000ECE  000012  000EE0      1D9C       0  CODE        2
                text24                         000EE0  000014  000EF4      1DC0       0  CODE        2
                text6                          000EF4  000020  000F14      1DE8       0  CODE        2
                text5                          000F14  000028  000F3C      1E28       0  CODE        2
                text21                         000F3C  00002A  000F66      1E78       0  CODE        2
                text17                         000F66  00002E  000F94      1ECC       0  CODE        2
                text2                          000F94  000034  000FC8      1F28       0  CODE        2
                text10                         000FC8  000038  001000      1F90       0  CODE        2
                config                         002007  000002  002009      400E       0  CONFIG      2


UNUSED ADDRESS RANGES

        Name                Unused          Largest block    Delta
        BANK0            0068-006F              8           1
        BANK1            00A0-00EF             50           1
        BANK2            0110-016F             60           1
        BANK3            0190-01EF             60           1
        CODE             0003-0003              1           2
                         06FD-06FF              3
                         07FF-0E74              1
                         1000-1FFF            800
        COMMON           007B-007D              3           1
        CONST            0003-0003              1           2
                         06FD-06FF              3
                         07FF-0E74            100
                         1000-1FFF            100
        EEDATA           2100-21FF            100           2
        ENTRY            0003-0003              1           2
                         06FD-06FF              3
                         07FF-0E74            100
                         1000-1FFF            100
        IDLOC            2000-2003              4           2
        RAM              0068-006F              8           1
                         00A0-00EF             50
                         0110-016F             60
                         0190-01EF             60
        SFR0             0000-001F             20           1
        SFR1             0080-009F             20           1
        SFR2             0100-010F             10           1
        SFR3             0180-018F             10           1
        STACK            0110-016F             60           1
        STRCODE          0003-0003              1           2
                         06FD-06FF              3
                         07FF-0E74            676
                         1000-1FFF           1000
        STRING           0003-0003              1           2
                         06FD-06FF              3
                         07FF-0E74            100
                         1000-1FFF            100

                                  Symbol Table

?_I2C_Master_Read                  cstackCOMMON 0073
?___lldiv                          cstackBANK0  004D
?___lwdiv                          cstackCOMMON 0073
?___lwmod                          cstackBANK0  0050
?_read_DS1307                      cstackBANK0  004F
?_sprintf                          cstackBANK0  0056
I2C_Master_Init@c                  cstackBANK0  005A
I2C_Master_Read@a                  cstackCOMMON 0073
I2C_Master_Read@temp               cstackBANK0  004D
I2C_Master_Write@d                 cstackCOMMON 0073
LCD8_cmd@data                      cstackCOMMON 0075
LCD8_set_cursor@column             cstackCOMMON 0076
LCD8_set_cursor@cursor             cstackBANK0  004D
LCD8_set_cursor@row                cstackBANK0  004E
LCD8_strWrite@data                 cstackCOMMON 0075
LCD8_strWrite@i                    cstackBANK0  004D
LCD8_write@data                    cstackCOMMON 0074
UART_Tx@val                        cstackCOMMON 0073
_ANSEL                             (abs)        0188
_ANSELH                            (abs)        0189
_BAUDCTLbits                       (abs)        0187
_CREN                              (abs)        00C4
_GIE                               (abs)        005F
_I2C_Master_Init                   text10       0FC8
_I2C_Master_Read                   text17       0F66
_I2C_Master_RepeatedStart          text16       0E7C
_I2C_Master_Start                  text15       0E83
_I2C_Master_Stop                   text14       0E8A
_I2C_Master_Wait                   text18       0EAA
_I2C_Master_Write                  text13       0E91
_INTCONbits                        (abs)        000B
_LCD8_begin                        text9        075E
_LCD8_clear                        text8        0EB3
_LCD8_cmd                          text24       0EE0
_LCD8_set_cursor                   text23       06E2
_LCD8_strWrite                     text21       0F3C
_LCD8_write                        text22       0EBE
_OSCCONbits                        (abs)        008F
_PEIE                              (abs)        005E
_PIE1bits                          (abs)        008C
_PIR1bits                          (abs)        000C
_PORTA                             (abs)        0005
_PORTB                             (abs)        0006
_PORTDbits                         (abs)        0008
_RA0                               (abs)        0028
_RA1                               (abs)        0029
_RCEN                              (abs)        048B
_RCIF                              (abs)        0065
_RCREG                             (abs)        001A
_RCSTAbits                         (abs)        0018
_SPBRGH                            (abs)        009A
_SSPADD                            (abs)        0093
_SSPBUF                            (abs)        0013
_SSPCON                            (abs)        0014
_SSPCON2                           (abs)        0091
_SSPCON2bits                       (abs)        0091
_SSPIE                             (abs)        0463
_SSPIF                             (abs)        0063
_SSPSTAT                           (abs)        0094
_T1CONbits                         (abs)        0010
_TMR1                              (abs)        000E
_TRISA                             (abs)        0085
_TRISB                             (abs)        0086
_TRISC3                            (abs)        043B
_TRISC4                            (abs)        043C
_TRISCbits                         (abs)        0087
_TRISD                             (abs)        0088
_TXIF                              (abs)        0064
_TXREG                             (abs)        0019
_TXSTAbits                         (abs)        0098
_UART_Rx                           text20       0E75
_UART_Tx                           text19       0EA1
__CFG_BOR4V$BOR40V                 (abs)        0000
__CFG_BOREN$OFF                    (abs)        0000
__CFG_CP$OFF                       (abs)        0000
__CFG_CPD$OFF                      (abs)        0000
__CFG_FCMEN$OFF                    (abs)        0000
__CFG_FOSC$INTRC_NOCLKOUT          (abs)        0000
__CFG_IESO$OFF                     (abs)        0000
__CFG_LVP$OFF                      (abs)        0000
__CFG_MCLRE$OFF                    (abs)        0000
__CFG_PWRTE$OFF                    (abs)        0000
__CFG_WDTE$OFF                     (abs)        0000
__CFG_WRT$OFF                      (abs)        0000
__Habs1                            abs1         0000
__Hbank0                           bank0        0000
__Hbank1                           bank1        0000
__Hbank2                           bank2        0000
__Hbank3                           bank3        0000
__HbssBANK0                        bssBANK0     0000
__HbssCOMMON                       bssCOMMON    0000
__Hcinit                           cinit        0029
__Hclrtext                         clrtext      0000
__Hcode                            code         0000
__Hcommon                          common       0000
__Hconfig                          config       2009
__HcstackBANK0                     cstackBANK0  0000
__HcstackCOMMON                    cstackCOMMON 0000
__HdataBANK0                       dataBANK0    0000
__Heeprom_data                     eeprom_data  0000
__Hend_init                        end_init     000F
__Hfunctab                         functab      0000
__HidataBANK0                      idataBANK0   0000
__Hidloc                           idloc        0000
__Hinit                            init         000C
__Hintentry                        intentry     000C
__Hmaintext                        maintext     0000
__Hpowerup                         powerup      0000
__Hram                             ram          0000
__Hreset_vec                       reset_vec    0003
__Hsfr0                            sfr0         0000
__Hsfr1                            sfr1         0000
__Hsfr2                            sfr2         0000
__Hsfr3                            sfr3         0000
__Hspace_0                         (abs)        2009
__Hspace_1                         (abs)        007B
__Hspace_2                         (abs)        0000
__Hspace_3                         (abs)        0000
__Hstack                           stack        0000
__Hstrings                         strings      0000
__Htext                            text         0000
__Labs1                            abs1         0000
__Lbank0                           bank0        0000
__Lbank1                           bank1        0000
__Lbank2                           bank2        0000
__Lbank3                           bank3        0000
__LbssBANK0                        bssBANK0     0000
__LbssCOMMON                       bssCOMMON    0000
__Lcinit                           cinit        000F
__Lclrtext                         clrtext      0000
__Lcode                            code         0000
__Lcommon                          common       0000
__Lconfig                          config       2007
__LcstackBANK0                     cstackBANK0  0000
__LcstackCOMMON                    cstackCOMMON 0000
__LdataBANK0                       dataBANK0    0000
__Leeprom_data                     eeprom_data  0000
__Lend_init                        end_init     000C
__Lfunctab                         functab      0000
__LidataBANK0                      idataBANK0   0000
__Lidloc                           idloc        0000
__Linit                            init         000C
__Lintentry                        intentry     0004
__Lmaintext                        maintext     0000
__Lpowerup                         powerup      0000
__Lram                             ram          0000
__Lreset_vec                       reset_vec    0000
__Lsfr0                            sfr0         0000
__Lsfr1                            sfr1         0000
__Lsfr2                            sfr2         0000
__Lsfr3                            sfr3         0000
__Lspace_0                         (abs)        0000
__Lspace_1                         (abs)        0000
__Lspace_2                         (abs)        0000
__Lspace_3                         (abs)        0000
__Lstack                           stack        0000
__Lstrings                         strings      0000
__Ltext                            text         0000
__S0                               (abs)        2009
__S1                               (abs)        007B
__S2                               (abs)        0000
__S3                               (abs)        0000
___int_sp                          stack        0000
___latbits                         (abs)        0002
___lldiv                           text11       0644
___lldiv@counter                   cstackBANK0  0059
___lldiv@dividend                  cstackBANK0  0051
___lldiv@divisor                   cstackBANK0  004D
___lldiv@quotient                  cstackBANK0  0055
___lwdiv                           text3        06A4
___lwdiv@counter                   cstackBANK0  004D
___lwdiv@dividend                  cstackCOMMON 0075
___lwdiv@divisor                   cstackCOMMON 0073
___lwdiv@quotient                  cstackBANK0  004E
___lwmod                           text2        0F94
___lwmod@counter                   cstackBANK0  0055
___lwmod@dividend                  cstackBANK0  0052
___lwmod@divisor                   cstackBANK0  0050
___sp                              stack        0000
___stackhi                         (abs)        0000
___stacklo                         (abs)        0000
__end_of_I2C_Master_Init           text10       1000
__end_of_I2C_Master_Read           text17       0F94
__end_of_I2C_Master_RepeatedStart  text16       0E83
__end_of_I2C_Master_Start          text15       0E8A
__end_of_I2C_Master_Stop           text14       0E91
__end_of_I2C_Master_Wait           text18       0EB3
__end_of_I2C_Master_Write          text13       0E99
__end_of_LCD8_begin                text9        07B2
__end_of_LCD8_clear                text8        0EBE
__end_of_LCD8_cmd                  text24       0EF4
__end_of_LCD8_set_cursor           text23       06FB
__end_of_LCD8_strWrite             text21       0F66
__end_of_LCD8_write                text22       0ECE
__end_of_UART_Rx                   text20       0E7C
__end_of_UART_Tx                   text19       0EAA
__end_of___lldiv                   text11       06A4
__end_of___lwdiv                   text3        06E2
__end_of___lwmod                   text2        0FC8
__end_of__initialization           cinit        0025
__end_of__stringtab                strings      0710
__end_of_dpowers                   strings      071A
__end_of_isr                       text25       0EE0
__end_of_main                      maintext     04F4
__end_of_oscilator_begin           text7        07FF
__end_of_read_DS1307               text12       07F1
__end_of_setup                     text4        0644
__end_of_sprintf                   text1        05CE
__end_of_timer1_begin              text6        0F14
__end_of_write_ds1307              text5        0F3C
__initialization                   cinit        000F
__pbssBANK0                        bssBANK0     0020
__pbssCOMMON                       bssCOMMON    0078
__pcstackBANK0                     cstackBANK0  004D
__pcstackCOMMON                    cstackCOMMON 0070
__pdataBANK0                       dataBANK0    0066
__pidataBANK0                      idataBANK0   06FB
__pintentry                        intentry     0004
__pmaintext                        maintext     0029
__pstrings                         strings      0700
__ptext1                           text1        04F4
__ptext10                          text10       0FC8
__ptext11                          text11       0644
__ptext12                          text12       07B2
__ptext13                          text13       0E91
__ptext14                          text14       0E8A
__ptext15                          text15       0E83
__ptext16                          text16       0E7C
__ptext17                          text17       0F66
__ptext18                          text18       0EAA
__ptext19                          text19       0EA1
__ptext2                           text2        0F94
__ptext20                          text20       0E75
__ptext21                          text21       0F3C
__ptext22                          text22       0EBE
__ptext23                          text23       06E2
__ptext24                          text24       0EE0
__ptext25                          text25       0ECE
__ptext3                           text3        06A4
__ptext4                           text4        05CE
__ptext5                           text5        0F14
__ptext6                           text6        0EF4
__ptext7                           text7        07F1
__ptext8                           text8        0EB3
__ptext9                           text9        075E
__size_of_I2C_Master_Init          (abs)        0000
__size_of_I2C_Master_Read          (abs)        0000
__size_of_I2C_Master_RepeatedStart (abs)        0000
__size_of_I2C_Master_Start         (abs)        0000
__size_of_I2C_Master_Stop          (abs)        0000
__size_of_I2C_Master_Wait          (abs)        0000
__size_of_I2C_Master_Write         (abs)        0000
__size_of_LCD8_begin               (abs)        0000
__size_of_LCD8_clear               (abs)        0000
__size_of_LCD8_cmd                 (abs)        0000
__size_of_LCD8_set_cursor          (abs)        0000
__size_of_LCD8_strWrite            (abs)        0000
__size_of_LCD8_write               (abs)        0000
__size_of_UART_Rx                  (abs)        0000
__size_of_UART_Tx                  (abs)        0000
__size_of___lldiv                  (abs)        0000
__size_of___lwdiv                  (abs)        0000
__size_of___lwmod                  (abs)        0000
__size_of_isr                      (abs)        0000
__size_of_main                     (abs)        0000
__size_of_oscilator_begin          (abs)        0000
__size_of_read_DS1307              (abs)        0000
__size_of_setup                    (abs)        0000
__size_of_sprintf                  (abs)        0000
__size_of_timer1_begin             (abs)        0000
__size_of_write_ds1307             (abs)        0000
__stringbase                       strings      070F
__stringtab                        strings      0700
_ap                                bssBANK0     0031
_counter                           bssBANK0     0024
_cual_dato                         bssBANK0     002F
_dpowers                           strings      0710
_hora                              bssBANK0     0033
_hr                                bssBANK0     0032
_hum                               bssBANK0     0025
_isr                               text25       0ECE
_luz                               bssBANK0     0027
_main                              maintext     0029
_minuto                            bssBANK0     0034
_oscilator_begin                   text7        07F1
_pir                               bssBANK0     0026
_puerta                            bssBANK0     0028
_read_DS1307                       text12       07B2
_segundo                           bssBANK0     0030
_setup                             text4        05CE
_show                              bssBANK0     0039
_sprintf                           text1        04F4
_t1_count                          bssBANK0     0038
_temperatura                       dataBANK0    0067
_timer1_begin                      text6        0EF4
_write_ds1307                      text5        0F14
btemp                              (abs)        007E
clear_ram0                         clrtext      0E99
end_of_initialization              cinit        0025
interrupt_function                 intentry     0004
intlevel0                          functab      0000
intlevel1                          functab      0000
intlevel2                          functab      0000
intlevel3                          functab      0000
intlevel4                          functab      0000
intlevel5                          functab      0000
oscilator_begin@freq               cstackCOMMON 0074
read_DS1307@direccion              cstackBANK0  004F
read_DS1307@tiempo                 cstackBANK0  0051
reset_vec                          reset_vec    0000
saved_w                            (abs)        007E
sprintf@ap                         cstackBANK0  005C
sprintf@c                          cstackBANK0  0062
sprintf@f                          cstackBANK0  0056
sprintf@flag                       cstackBANK0  005D
sprintf@prec                       cstackBANK0  005E
sprintf@sp                         cstackBANK0  0061
sprintf@val                        cstackBANK0  005F
start                              init         000C
start_initialization               cinit        000F
timer1_begin@offset                cstackCOMMON 0076
timer1_begin@prescaler             cstackCOMMON 0073
write_ds1307@address               cstackBANK0  004D
write_ds1307@w_data                cstackBANK0  004F
wtemp0                             (abs)        007E


FUNCTION INFORMATION:

 *************** function _main *****************
 Defined at:
		line 110 in file "main.c"
 Parameters:    Size  Location     Type
		None
 Auto vars:     Size  Location     Type
		None
 Return value:  Size  Location     Type
                  1    wreg      void 
 Registers used:
		wreg, fsr0l, fsr0h, status,2, status,0, btemp+1, pclath, cstack
 Tracked objects:
		On entry : 
		On exit  : 
		Unchanged: 
 Data sizes:     COMMON   BANK0   BANK1   BANK3   BANK2
      Params:         0       0       0       0       0
      Locals:         0       0       0       0       0
      Temps:          0       3       0       0       0
      Totals:         0       3       0       0       0
Total ram usage:        3 bytes
 Hardware stack levels required when called:    5
 This function calls:
		_I2C_Master_Read
		_I2C_Master_Start
		_I2C_Master_Stop
		_I2C_Master_Write
		_LCD8_clear
		_LCD8_set_cursor
		_LCD8_strWrite
		_UART_Rx
		_UART_Tx
		_read_DS1307
		_setup
		_sprintf
 This function is called by:
		Startup code after reset
 This function uses a non-reentrant model


 *************** function _sprintf *****************
 Defined at:
		line 500 in file "C:\Program Files (x86)\Microchip\xc8\v2.05\pic\sources\c90\common\doprnt.c"
 Parameters:    Size  Location     Type
  sp              1    wreg     PTR unsigned char 
		 -> show(20), 
  f               1    9[BANK0 ] PTR const unsigned char 
		 -> STR_18(4), STR_17(5), STR_16(3), STR_15(4), 
		 -> STR_13(4), STR_12(3), STR_6(5), STR_5(6), 
		 -> STR_3(3), STR_2(4), 
 Auto vars:     Size  Location     Type
  sp              1   20[BANK0 ] PTR unsigned char 
		 -> show(20), 
  tmpval          4    0        struct .
  val             2   18[BANK0 ] unsigned int 
  cp              2    0        PTR const unsigned char 
  len             2    0        unsigned int 
  c               1   21[BANK0 ] unsigned char 
  prec            1   17[BANK0 ] char 
  flag            1   16[BANK0 ] unsigned char 
  ap              1   15[BANK0 ] PTR void [1]
		 -> ?_sprintf(2), 
 Return value:  Size  Location     Type
                  2    9[BANK0 ] int 
 Registers used:
		wreg, fsr0l, fsr0h, status,2, status,0, btemp+1, pclath, cstack
 Tracked objects:
		On entry : 
		On exit  : 
		Unchanged: 
 Data sizes:     COMMON   BANK0   BANK1   BANK3   BANK2
      Params:         0       3       0       0       0
      Locals:         0       7       0       0       0
      Temps:          0       3       0       0       0
      Totals:         0      13       0       0       0
Total ram usage:       13 bytes
 Hardware stack levels used:    1
 Hardware stack levels required when called:    2
 This function calls:
		___lwdiv
		___lwmod
 This function is called by:
		_main
 This function uses a non-reentrant model


 *************** function ___lwmod *****************
 Defined at:
		line 5 in file "C:\Program Files (x86)\Microchip\xc8\v2.05\pic\sources\c90\common\lwmod.c"
 Parameters:    Size  Location     Type
  divisor         2    3[BANK0 ] unsigned int 
  dividend        2    5[BANK0 ] unsigned int 
 Auto vars:     Size  Location     Type
  counter         1    8[BANK0 ] unsigned char 
 Return value:  Size  Location     Type
                  2    3[BANK0 ] unsigned int 
 Registers used:
		wreg, status,2, status,0
 Tracked objects:
		On entry : 
		On exit  : 
		Unchanged: 
 Data sizes:     COMMON   BANK0   BANK1   BANK3   BANK2
      Params:         0       4       0       0       0
      Locals:         0       1       0       0       0
      Temps:          0       1       0       0       0
      Totals:         0       6       0       0       0
Total ram usage:        6 bytes
 Hardware stack levels used:    1
 Hardware stack levels required when called:    1
 This function calls:
		Nothing
 This function is called by:
		_sprintf
 This function uses a non-reentrant model


 *************** function ___lwdiv *****************
 Defined at:
		line 5 in file "C:\Program Files (x86)\Microchip\xc8\v2.05\pic\sources\c90\common\lwdiv.c"
 Parameters:    Size  Location     Type
  divisor         2    3[COMMON] unsigned int 
  dividend        2    5[COMMON] unsigned int 
 Auto vars:     Size  Location     Type
  quotient        2    1[BANK0 ] unsigned int 
  counter         1    0[BANK0 ] unsigned char 
 Return value:  Size  Location     Type
                  2    3[COMMON] unsigned int 
 Registers used:
		wreg, status,2, status,0
 Tracked objects:
		On entry : 
		On exit  : 
		Unchanged: 
 Data sizes:     COMMON   BANK0   BANK1   BANK3   BANK2
      Params:         4       0       0       0       0
      Locals:         0       3       0       0       0
      Temps:          1       0       0       0       0
      Totals:         5       3       0       0       0
Total ram usage:        8 bytes
 Hardware stack levels used:    1
 Hardware stack levels required when called:    1
 This function calls:
		Nothing
 This function is called by:
		_sprintf
 This function uses a non-reentrant model


 *************** function _setup *****************
 Defined at:
		line 54 in file "main.c"
 Parameters:    Size  Location     Type
		None
 Auto vars:     Size  Location     Type
		None
 Return value:  Size  Location     Type
                  1    wreg      void 
 Registers used:
		wreg, status,2, status,0, pclath, cstack
 Tracked objects:
		On entry : 
		On exit  : 
		Unchanged: 
 Data sizes:     COMMON   BANK0   BANK1   BANK3   BANK2
      Params:         0       0       0       0       0
      Locals:         0       0       0       0       0
      Temps:          0       1       0       0       0
      Totals:         0       1       0       0       0
Total ram usage:        1 bytes
 Hardware stack levels used:    1
 Hardware stack levels required when called:    4
 This function calls:
		_I2C_Master_Init
		_LCD8_begin
		_LCD8_clear
		_oscilator_begin
		_timer1_begin
		_write_ds1307
 This function is called by:
		_main
 This function uses a non-reentrant model


 *************** function _write_ds1307 *****************
 Defined at:
		line 30 in file "./rtc.h"
 Parameters:    Size  Location     Type
  address         2    0[BANK0 ] short 
  w_data          2    2[BANK0 ] short 
 Auto vars:     Size  Location     Type
		None
 Return value:  Size  Location     Type
                  1    wreg      void 
 Registers used:
		wreg, status,2, status,0, pclath, cstack
 Tracked objects:
		On entry : 
		On exit  : 
		Unchanged: 
 Data sizes:     COMMON   BANK0   BANK1   BANK3   BANK2
      Params:         0       4       0       0       0
      Locals:         0       0       0       0       0
      Temps:          0       0       0       0       0
      Totals:         0       4       0       0       0
Total ram usage:        4 bytes
 Hardware stack levels used:    1
 Hardware stack levels required when called:    3
 This function calls:
		_I2C_Master_Start
		_I2C_Master_Stop
		_I2C_Master_Write
 This function is called by:
		_setup
 This function uses a non-reentrant model


 *************** function _timer1_begin *****************
 Defined at:
		line 8 in file "timer1.c"
 Parameters:    Size  Location     Type
  offset          1    wreg     unsigned char 
  prescaler       1    3[COMMON] unsigned char 
 Auto vars:     Size  Location     Type
  offset          1    6[COMMON] unsigned char 
 Return value:  Size  Location     Type
                  1    wreg      void 
 Registers used:
		wreg, status,2, status,0
 Tracked objects:
		On entry : 
		On exit  : 
		Unchanged: 
 Data sizes:     COMMON   BANK0   BANK1   BANK3   BANK2
      Params:         1       0       0       0       0
      Locals:         1       0       0       0       0
      Temps:          2       0       0       0       0
      Totals:         4       0       0       0       0
Total ram usage:        4 bytes
 Hardware stack levels used:    1
 Hardware stack levels required when called:    1
 This function calls:
		Nothing
 This function is called by:
		_setup
 This function uses a non-reentrant model


 *************** function _oscilator_begin *****************
 Defined at:
		line 9 in file "./Oscilator.h"
 Parameters:    Size  Location     Type
  freq            1    wreg     unsigned char 
 Auto vars:     Size  Location     Type
  freq            1    4[COMMON] unsigned char 
 Return value:  Size  Location     Type
                  1    wreg      void 
 Registers used:
		wreg, status,2, status,0
 Tracked objects:
		On entry : 
		On exit  : 
		Unchanged: 
 Data sizes:     COMMON   BANK0   BANK1   BANK3   BANK2
      Params:         0       0       0       0       0
      Locals:         1       0       0       0       0
      Temps:          1       0       0       0       0
      Totals:         2       0       0       0       0
Total ram usage:        2 bytes
 Hardware stack levels used:    1
 Hardware stack levels required when called:    1
 This function calls:
		Nothing
 This function is called by:
		_setup
 This function uses a non-reentrant model


 *************** function _LCD8_clear *****************
 Defined at:
		line 32 in file "./LCD8bit.h"
 Parameters:    Size  Location     Type
		None
 Auto vars:     Size  Location     Type
		None
 Return value:  Size  Location     Type
                  1    wreg      void 
 Registers used:
		wreg, status,2, status,0, pclath, cstack
 Tracked objects:
		On entry : 
		On exit  : 
		Unchanged: 
 Data sizes:     COMMON   BANK0   BANK1   BANK3   BANK2
      Params:         0       0       0       0       0
      Locals:         0       0       0       0       0
      Temps:          0       0       0       0       0
      Totals:         0       0       0       0       0
Total ram usage:        0 bytes
 Hardware stack levels used:    1
 Hardware stack levels required when called:    2
 This function calls:
		_LCD8_cmd
 This function is called by:
		_setup
		_main
 This function uses a non-reentrant model


 *************** function _LCD8_begin *****************
 Defined at:
		line 37 in file "./LCD8bit.h"
 Parameters:    Size  Location     Type
		None
 Auto vars:     Size  Location     Type
		None
 Return value:  Size  Location     Type
                  1    wreg      void 
 Registers used:
		wreg, status,2, status,0, pclath, cstack
 Tracked objects:
		On entry : 
		On exit  : 
		Unchanged: 
 Data sizes:     COMMON   BANK0   BANK1   BANK3   BANK2
      Params:         0       0       0       0       0
      Locals:         0       0       0       0       0
      Temps:          2       0       0       0       0
      Totals:         2       0       0       0       0
Total ram usage:        2 bytes
 Hardware stack levels used:    1
 Hardware stack levels required when called:    2
 This function calls:
		_LCD8_cmd
 This function is called by:
		_setup
 This function uses a non-reentrant model


 *************** function _I2C_Master_Init *****************
 Defined at:
		line 15 in file "./I2C.h"
 Parameters:    Size  Location     Type
  c               4   13[BANK0 ] const unsigned long 
 Auto vars:     Size  Location     Type
		None
 Return value:  Size  Location     Type
                  1    wreg      void 
 Registers used:
		wreg, status,2, status,0, pclath, cstack
 Tracked objects:
		On entry : 
		On exit  : 
		Unchanged: 
 Data sizes:     COMMON   BANK0   BANK1   BANK3   BANK2
      Params:         0       4       0       0       0
      Locals:         0       0       0       0       0
      Temps:          4       0       0       0       0
      Totals:         4       4       0       0       0
Total ram usage:        8 bytes
 Hardware stack levels used:    1
 Hardware stack levels required when called:    2
 This function calls:
		___lldiv
 This function is called by:
		_setup
 This function uses a non-reentrant model


 *************** function ___lldiv *****************
 Defined at:
		line 5 in file "C:\Program Files (x86)\Microchip\xc8\v2.05\pic\sources\c90\common\__lldiv.c"
 Parameters:    Size  Location     Type
  divisor         4    0[BANK0 ] unsigned long 
  dividend        4    4[BANK0 ] unsigned long 
 Auto vars:     Size  Location     Type
  quotient        4    8[BANK0 ] unsigned long 
  counter         1   12[BANK0 ] unsigned char 
 Return value:  Size  Location     Type
                  4    0[BANK0 ] unsigned long 
 Registers used:
		wreg, status,2, status,0
 Tracked objects:
		On entry : 
		On exit  : 
		Unchanged: 
 Data sizes:     COMMON   BANK0   BANK1   BANK3   BANK2
      Params:         0       8       0       0       0
      Locals:         0       5       0       0       0
      Temps:          1       0       0       0       0
      Totals:         1      13       0       0       0
Total ram usage:       14 bytes
 Hardware stack levels used:    1
 Hardware stack levels required when called:    1
 This function calls:
		Nothing
 This function is called by:
		_I2C_Master_Init
 This function uses a non-reentrant model


 *************** function _read_DS1307 *****************
 Defined at:
		line 17 in file "./rtc.h"
 Parameters:    Size  Location     Type
  direccion       2    2[BANK0 ] unsigned short 
 Auto vars:     Size  Location     Type
  tiempo          2    4[BANK0 ] unsigned short 
 Return value:  Size  Location     Type
                  2    2[BANK0 ] unsigned short 
 Registers used:
		wreg, status,2, status,0, pclath, cstack
 Tracked objects:
		On entry : 
		On exit  : 
		Unchanged: 
 Data sizes:     COMMON   BANK0   BANK1   BANK3   BANK2
      Params:         0       2       0       0       0
      Locals:         0       2       0       0       0
      Temps:          0       0       0       0       0
      Totals:         0       4       0       0       0
Total ram usage:        4 bytes
 Hardware stack levels used:    1
 Hardware stack levels required when called:    3
 This function calls:
		_I2C_Master_Read
		_I2C_Master_RepeatedStart
		_I2C_Master_Start
		_I2C_Master_Stop
		_I2C_Master_Write
 This function is called by:
		_main
 This function uses a non-reentrant model


 *************** function _I2C_Master_Write *****************
 Defined at:
		line 64 in file "./I2C.h"
 Parameters:    Size  Location     Type
  d               2    3[COMMON] unsigned int 
 Auto vars:     Size  Location     Type
		None
 Return value:  Size  Location     Type
                  1    wreg      void 
 Registers used:
		wreg, status,2, status,0, pclath, cstack
 Tracked objects:
		On entry : 
		On exit  : 
		Unchanged: 
 Data sizes:     COMMON   BANK0   BANK1   BANK3   BANK2
      Params:         2       0       0       0       0
      Locals:         0       0       0       0       0
      Temps:          0       0       0       0       0
      Totals:         2       0       0       0       0
Total ram usage:        2 bytes
 Hardware stack levels used:    1
 Hardware stack levels required when called:    2
 This function calls:
		_I2C_Master_Wait
 This function is called by:
		_read_DS1307
		_write_ds1307
		_main
 This function uses a non-reentrant model


 *************** function _I2C_Master_Stop *****************
 Defined at:
		line 54 in file "./I2C.h"
 Parameters:    Size  Location     Type
		None
 Auto vars:     Size  Location     Type
		None
 Return value:  Size  Location     Type
                  1    wreg      void 
 Registers used:
		wreg, status,2, status,0, pclath, cstack
 Tracked objects:
		On entry : 
		On exit  : 
		Unchanged: 
 Data sizes:     COMMON   BANK0   BANK1   BANK3   BANK2
      Params:         0       0       0       0       0
      Locals:         0       0       0       0       0
      Temps:          0       0       0       0       0
      Totals:         0       0       0       0       0
Total ram usage:        0 bytes
 Hardware stack levels used:    1
 Hardware stack levels required when called:    2
 This function calls:
		_I2C_Master_Wait
 This function is called by:
		_read_DS1307
		_write_ds1307
		_main
 This function uses a non-reentrant model


 *************** function _I2C_Master_Start *****************
 Defined at:
		line 38 in file "./I2C.h"
 Parameters:    Size  Location     Type
		None
 Auto vars:     Size  Location     Type
		None
 Return value:  Size  Location     Type
                  1    wreg      void 
 Registers used:
		wreg, status,2, status,0, pclath, cstack
 Tracked objects:
		On entry : 
		On exit  : 
		Unchanged: 
 Data sizes:     COMMON   BANK0   BANK1   BANK3   BANK2
      Params:         0       0       0       0       0
      Locals:         0       0       0       0       0
      Temps:          0       0       0       0       0
      Totals:         0       0       0       0       0
Total ram usage:        0 bytes
 Hardware stack levels used:    1
 Hardware stack levels required when called:    2
 This function calls:
		_I2C_Master_Wait
 This function is called by:
		_read_DS1307
		_write_ds1307
		_main
 This function uses a non-reentrant model


 *************** function _I2C_Master_RepeatedStart *****************
 Defined at:
		line 46 in file "./I2C.h"
 Parameters:    Size  Location     Type
		None
 Auto vars:     Size  Location     Type
		None
 Return value:  Size  Location     Type
                  1    wreg      void 
 Registers used:
		wreg, status,2, status,0, pclath, cstack
 Tracked objects:
		On entry : 
		On exit  : 
		Unchanged: 
 Data sizes:     COMMON   BANK0   BANK1   BANK3   BANK2
      Params:         0       0       0       0       0
      Locals:         0       0       0       0       0
      Temps:          0       0       0       0       0
      Totals:         0       0       0       0       0
Total ram usage:        0 bytes
 Hardware stack levels used:    1
 Hardware stack levels required when called:    2
 This function calls:
		_I2C_Master_Wait
 This function is called by:
		_read_DS1307
 This function uses a non-reentrant model


 *************** function _I2C_Master_Read *****************
 Defined at:
		line 73 in file "./I2C.h"
 Parameters:    Size  Location     Type
  a               2    3[COMMON] unsigned short 
 Auto vars:     Size  Location     Type
  temp            2    0[BANK0 ] unsigned short 
 Return value:  Size  Location     Type
                  2    3[COMMON] unsigned short 
 Registers used:
		wreg, status,2, status,0, pclath, cstack
 Tracked objects:
		On entry : 
		On exit  : 
		Unchanged: 
 Data sizes:     COMMON   BANK0   BANK1   BANK3   BANK2
      Params:         2       0       0       0       0
      Locals:         0       2       0       0       0
      Temps:          2       0       0       0       0
      Totals:         4       2       0       0       0
Total ram usage:        6 bytes
 Hardware stack levels used:    1
 Hardware stack levels required when called:    2
 This function calls:
		_I2C_Master_Wait
 This function is called by:
		_read_DS1307
		_main
 This function uses a non-reentrant model


 *************** function _I2C_Master_Wait *****************
 Defined at:
		line 31 in file "./I2C.h"
 Parameters:    Size  Location     Type
		None
 Auto vars:     Size  Location     Type
		None
 Return value:  Size  Location     Type
                  1    wreg      void 
 Registers used:
		wreg, status,2
 Tracked objects:
		On entry : 
		On exit  : 
		Unchanged: 
 Data sizes:     COMMON   BANK0   BANK1   BANK3   BANK2
      Params:         0       0       0       0       0
      Locals:         0       0       0       0       0
      Temps:          0       0       0       0       0
      Totals:         0       0       0       0       0
Total ram usage:        0 bytes
 Hardware stack levels used:    1
 Hardware stack levels required when called:    1
 This function calls:
		Nothing
 This function is called by:
		_I2C_Master_Start
		_I2C_Master_RepeatedStart
		_I2C_Master_Stop
		_I2C_Master_Write
		_I2C_Master_Read
 This function uses a non-reentrant model


 *************** function _UART_Tx *****************
 Defined at:
		line 94 in file "main.c"
 Parameters:    Size  Location     Type
  val             1    wreg     unsigned char 
 Auto vars:     Size  Location     Type
  val             1    3[COMMON] unsigned char 
 Return value:  Size  Location     Type
                  1    wreg      void 
 Registers used:
		wreg
 Tracked objects:
		On entry : 
		On exit  : 
		Unchanged: 
 Data sizes:     COMMON   BANK0   BANK1   BANK3   BANK2
      Params:         0       0       0       0       0
      Locals:         1       0       0       0       0
      Temps:          0       0       0       0       0
      Totals:         1       0       0       0       0
Total ram usage:        1 bytes
 Hardware stack levels used:    1
 Hardware stack levels required when called:    1
 This function calls:
		Nothing
 This function is called by:
		_main
 This function uses a non-reentrant model


 *************** function _UART_Rx *****************
 Defined at:
		line 103 in file "main.c"
 Parameters:    Size  Location     Type
		None
 Auto vars:     Size  Location     Type
		None
 Return value:  Size  Location     Type
                  1    wreg      unsigned char 
 Registers used:
		wreg
 Tracked objects:
		On entry : 
		On exit  : 
		Unchanged: 
 Data sizes:     COMMON   BANK0   BANK1   BANK3   BANK2
      Params:         0       0       0       0       0
      Locals:         0       0       0       0       0
      Temps:          0       0       0       0       0
      Totals:         0       0       0       0       0
Total ram usage:        0 bytes
 Hardware stack levels used:    1
 Hardware stack levels required when called:    1
 This function calls:
		Nothing
 This function is called by:
		_main
 This function uses a non-reentrant model


 *************** function _LCD8_strWrite *****************
 Defined at:
		line 55 in file "./LCD8bit.h"
 Parameters:    Size  Location     Type
  data            2    5[COMMON] PTR unsigned char 
		 -> STR_14(11), STR_11(5), STR_10(4), STR_9(3), 
		 -> STR_8(3), STR_7(4), STR_4(6), show(20), 
		 -> STR_1(4), 
 Auto vars:     Size  Location     Type
  i               1    0[BANK0 ] unsigned char 
 Return value:  Size  Location     Type
                  1    wreg      void 
 Registers used:
		wreg, fsr0l, fsr0h, status,2, status,0, btemp+1, pclath, cstack
 Tracked objects:
		On entry : 
		On exit  : 
		Unchanged: 
 Data sizes:     COMMON   BANK0   BANK1   BANK3   BANK2
      Params:         2       0       0       0       0
      Locals:         0       1       0       0       0
      Temps:          1       0       0       0       0
      Totals:         3       1       0       0       0
Total ram usage:        4 bytes
 Hardware stack levels used:    1
 Hardware stack levels required when called:    2
 This function calls:
		_LCD8_write
 This function is called by:
		_main
 This function uses a non-reentrant model


 *************** function _LCD8_write *****************
 Defined at:
		line 4 in file "./LCD8bit.h"
 Parameters:    Size  Location     Type
  data            1    wreg     unsigned char 
 Auto vars:     Size  Location     Type
  data            1    4[COMMON] unsigned char 
 Return value:  Size  Location     Type
                  1    wreg      void 
 Registers used:
		wreg
 Tracked objects:
		On entry : 
		On exit  : 
		Unchanged: 
 Data sizes:     COMMON   BANK0   BANK1   BANK3   BANK2
      Params:         0       0       0       0       0
      Locals:         1       0       0       0       0
      Temps:          1       0       0       0       0
      Totals:         2       0       0       0       0
Total ram usage:        2 bytes
 Hardware stack levels used:    1
 Hardware stack levels required when called:    1
 This function calls:
		Nothing
 This function is called by:
		_LCD8_strWrite
 This function uses a non-reentrant model


 *************** function _LCD8_set_cursor *****************
 Defined at:
		line 21 in file "./LCD8bit.h"
 Parameters:    Size  Location     Type
  row             1    wreg     unsigned char 
  column          1    6[COMMON] unsigned char 
 Auto vars:     Size  Location     Type
  row             1    1[BANK0 ] unsigned char 
  cursor          1    0[BANK0 ] unsigned char 
 Return value:  Size  Location     Type
                  1    wreg      void 
 Registers used:
		wreg, status,2, status,0, pclath, cstack
 Tracked objects:
		On entry : 
		On exit  : 
		Unchanged: 
 Data sizes:     COMMON   BANK0   BANK1   BANK3   BANK2
      Params:         1       0       0       0       0
      Locals:         0       2       0       0       0
      Temps:          1       0       0       0       0
      Totals:         2       2       0       0       0
Total ram usage:        4 bytes
 Hardware stack levels used:    1
 Hardware stack levels required when called:    2
 This function calls:
		_LCD8_cmd
 This function is called by:
		_main
 This function uses a non-reentrant model


 *************** function _LCD8_cmd *****************
 Defined at:
		line 12 in file "./LCD8bit.h"
 Parameters:    Size  Location     Type
  data            1    wreg     unsigned char 
 Auto vars:     Size  Location     Type
  data            1    5[COMMON] unsigned char 
 Return value:  Size  Location     Type
                  1    wreg      void 
 Registers used:
		wreg
 Tracked objects:
		On entry : 
		On exit  : 
		Unchanged: 
 Data sizes:     COMMON   BANK0   BANK1   BANK3   BANK2
      Params:         0       0       0       0       0
      Locals:         1       0       0       0       0
      Temps:          2       0       0       0       0
      Totals:         3       0       0       0       0
Total ram usage:        3 bytes
 Hardware stack levels used:    1
 Hardware stack levels required when called:    1
 This function calls:
		Nothing
 This function is called by:
		_LCD8_set_cursor
		_LCD8_clear
		_LCD8_begin
		_LCD8_shiftR
		_LCD8_shiftL
 This function uses a non-reentrant model


 *************** function _isr *****************
 Defined at:
		line 25 in file "timer1.c"
 Parameters:    Size  Location     Type
		None
 Auto vars:     Size  Location     Type
		None
 Return value:  Size  Location     Type
                  1    wreg      void 
 Registers used:
		wreg, status,2, status,0
 Tracked objects:
		On entry : 
		On exit  : 
		Unchanged: 
 Data sizes:     COMMON   BANK0   BANK1   BANK3   BANK2
      Params:         0       0       0       0       0
      Locals:         0       0       0       0       0
      Temps:          3       0       0       0       0
      Totals:         3       0       0       0       0
Total ram usage:        3 bytes
 Hardware stack levels used:    1
 This function calls:
		Nothing
 This function is called by:
		Interrupt level 1
 This function uses a non-reentrant model



MODULE INFORMATION

Module		Function		Class		Link	Load	Size
C:\Program Files (x86)\Microchip\xc8\v2.05\pic\sources\c90\common\doprnt.c
		_sprintf       		CODE           	04F4	0000	219

C:\Program Files (x86)\Microchip\xc8\v2.05\pic\sources\c90\common\doprnt.c estimated size: 219

./Oscilator.h
		_oscilator_begin		CODE           	07F1	0000	15

./Oscilator.h estimated size: 15

./rtc.h
		_read_DS1307   		CODE           	07B2	0000	64
		_write_ds1307  		CODE           	0F14	0000	41

./rtc.h estimated size: 105

C:\Program Files (x86)\Microchip\xc8\v2.05\pic\sources\c90\common\lwdiv.c
		___lwdiv       		CODE           	06A4	0000	63

C:\Program Files (x86)\Microchip\xc8\v2.05\pic\sources\c90\common\lwdiv.c estimated size: 63

shared
		__stringtab    		STRING         	0700	0000	17
		_dpowers       		STRING         	0710	0000	11
		__initialization		CODE           	000F	0000	23

shared estimated size: 51

./I2C.h
		_I2C_Master_Read		CODE           	0F66	0000	47
		_I2C_Master_Wait		CODE           	0EAA	0000	10
		_I2C_Master_Init		CODE           	0FC8	0000	57
		_I2C_Master_Stop		CODE           	0E8A	0000	8
		_I2C_Master_RepeatedStart		CODE           	0E7C	0000	8
		_I2C_Master_Write		CODE           	0E91	0000	9
		_I2C_Master_Start		CODE           	0E83	0000	8

./I2C.h estimated size: 147

timer1.c
		_isr           		CODE           	0ECE	0000	19
		_timer1_begin  		CODE           	0EF4	0000	33

timer1.c estimated size: 52

C:\Program Files (x86)\Microchip\xc8\v2.05\pic\sources\c90\common\__lldiv.c
		___lldiv       		CODE           	0644	0000	97

C:\Program Files (x86)\Microchip\xc8\v2.05\pic\sources\c90\common\__lldiv.c estimated size: 97

main.c
		_UART_Rx       		CODE           	0E75	0000	8
		_main          		CODE           	0029	0000	1228
		_setup         		CODE           	05CE	0000	119
		_UART_Tx       		CODE           	0EA1	0000	10

main.c estimated size: 1365

C:\Program Files (x86)\Microchip\xc8\v2.05\pic\sources\c90\common\lwmod.c
		___lwmod       		CODE           	0F94	0000	53

C:\Program Files (x86)\Microchip\xc8\v2.05\pic\sources\c90\common\lwmod.c estimated size: 53

./LCD8bit.h
		_LCD8_set_cursor		CODE           	06E2	0000	26
		_LCD8_cmd      		CODE           	0EE0	0000	21
		_LCD8_begin    		CODE           	075E	0000	85
		_LCD8_clear    		CODE           	0EB3	0000	12
		_LCD8_write    		CODE           	0EBE	0000	17
		_LCD8_strWrite 		CODE           	0F3C	0000	43

./LCD8bit.h estimated size: 204

