Microchip MPLAB XC8 Compiler V2.05 ()

Linker command line:

-W-3 --edf=C:\Program Files (x86)\Microchip\xc8\v2.05\pic\dat\en_msgs.txt \
  -cs -h+dist/default/production\SL3.X.production.sym \
  --cmf=dist/default/production\SL3.X.production.cmf -z -Q16F887 \
  -oC:\Users\jmoli\AppData\Local\Temp\sf6o.2 --defsym=__MPLAB_BUILD=1 \
  -Mdist/default/production/SL3.X.production.map -E1 -ver=XC8 --acfsm=1493 \
  -ASTACK=0110h-016Fh -pstack=STACK -ACODE=00h-07FFhx4 -ASTRCODE=00h-01FFFh \
  -ASTRING=00h-0FFhx32 -ACONST=00h-0FFhx32 -AENTRY=00h-0FFhx32 \
  -ACOMMON=070h-07Fh -ABANK0=020h-06Fh -ABANK1=0A0h-0EFh \
  -ABANK2=0110h-016Fh -ABANK3=0190h-01EFh \
  -ARAM=020h-06Fh,0A0h-0EFh,0110h-016Fh,0190h-01EFh \
  -AABS1=020h-07Fh,0A0h-0EFh,0110h-016Fh,0190h-01EFh -ASFR0=00h-01Fh \
  -ASFR1=080h-09Fh -ASFR2=0100h-010Fh -ASFR3=0180h-018Fh \
  -preset_vec=00h,intentry=04h,init,end_init -ppowerup=CODE -pcinit=CODE \
  -pfunctab=ENTRY -ACONFIG=02007h-02008h -pconfig=CONFIG -DCONFIG=2 \
  -AIDLOC=02000h-02003h -pidloc=IDLOC -DIDLOC=2 -AEEDATA=00h-0FFh/02100h \
  -peeprom_data=EEDATA -DEEDATA=2 -DCODE=2 -DSTRCODE=2 -DSTRING=2 -DCONST=2 \
  -DENTRY=2 -k C:\Users\jmoli\AppData\Local\Temp\sf6o.o \
  dist/default/production\SL3.X.production.o 

Object code version is 3.11

Machine type is 16F887



                Name                               Link     Load   Length Selector   Space Scale
C:\Users\jmoli\AppData\Local\Temp\sf6o.o
                end_init                              C        C        3        8       0
                reset_vec                             0        0        3        0       0
                config                             2007     2007        2     400E       0
dist/default/production\SL3.X.production.o
                cinit                                 F        F       12        8       0
                intentry                              4        4        8        8       0
                text9                               27D      27D       1A        8       0
                text8                               2AB      2AB        9        8       0
                text7                               21E      21E       24        8       0
                text6                                21       21       B9        8       0
                text5                               262      262       1B        8       0
                text4                               151      151       67        8       0
                text3                                DA       DA       77        8       0
                text2                               297      297       14        8       0
                text1                               242      242       20        8       0
                maintext                            1B8      1B8       66        8       0
                cstackBANK0                          34       34        5       20       1
                cstackCOMMON                         77       77        7       70       1
                clrtext                             2B4      2B4        8        8       0
                bssBANK0                             20       20       14       20       1
                bssCOMMON                            70       70        7       70       1

TOTAL           Name                               Link     Load   Length     Space
        CLASS   STACK          

        CLASS   CODE           
                end_init                              C        C        3         0
                cinit                                 F        F       12         0
                intentry                              4        4        8         0
                reset_vec                             0        0        3         0
                text9                               27D      27D       1A         0
                text8                               2AB      2AB        9         0
                text7                               21E      21E       24         0
                text6                                21       21       B9         0
                text5                               262      262       1B         0
                text4                               151      151       67         0
                text3                                DA       DA       77         0
                text2                               297      297       14         0
                text1                               242      242       20         0
                maintext                            1B8      1B8       66         0
                clrtext                             2B4      2B4        8         0

        CLASS   STRCODE        

        CLASS   STRING         

        CLASS   CONST          

        CLASS   ENTRY          

        CLASS   COMMON         
                cstackCOMMON                         77       77        7         1
                bssCOMMON                            70       70        7         1

        CLASS   BANK0          
                cstackBANK0                          34       34        5         1
                bssBANK0                             20       20       14         1

        CLASS   BANK1          

        CLASS   BANK2          

        CLASS   BANK3          

        CLASS   RAM            

        CLASS   ABS1           
                abs_s1                               7E       7E        2         1

        CLASS   SFR0           

        CLASS   SFR1           

        CLASS   SFR2           

        CLASS   SFR3           

        CLASS   CONFIG         
                config                             2007     2007        2         0

        CLASS   IDLOC          

        CLASS   EEDATA         



SEGMENTS        Name                           Load    Length   Top    Selector   Space  Class     Delta

                reset_vec                      000000  000003  000003         0       0  CODE        2
                intentry                       000004  0002B8  0002BC         8       0  CODE        2
                bssBANK0                       000020  000019  000039        20       1  BANK0       1
                bssCOMMON                      000070  00000E  00007E        70       1  COMMON      1
                config                         002007  000002  002009      400E       0  CONFIG      2


UNUSED ADDRESS RANGES

        Name                Unused          Largest block    Delta
        BANK0            0039-006F             37           1
        BANK1            00A0-00EF             50           1
        BANK2            0110-016F             60           1
        BANK3            0190-01EF             60           1
        CODE             0003-0003              1           2
                         02BC-1FFF            800
        CONST            0003-0003              1           2
                         02BC-1FFF            100
        EEDATA           2100-21FF            100           2
        ENTRY            0003-0003              1           2
                         02BC-1FFF            100
        IDLOC            2000-2003              4           2
        RAM              0039-006F             37           1
                         00A0-00EF             50
                         0110-016F             60
                         0190-01EF             60
        SFR0             0000-001F             20           1
        SFR1             0080-009F             20           1
        SFR2             0100-010F             10           1
        SFR3             0180-018F             10           1
        STACK            0110-016F             60           1
        STRCODE          0003-0003              1           2
                         02BC-1FFF           1D44
        STRING           0003-0003              1           2
                         02BC-1FFF            100

                                  Symbol Table

I2C_Slave_Init@address    cstackBANK0  0034
_ANSEL                    (abs)        0188
_BF                       (abs)        04A0
_GIE                      (abs)        005F
_I2C_Slave_Init           text5        0262
_INTCONbits               (abs)        000B
_OSCCONbits               (abs)        008F
_PEIE                     (abs)        005E
_PIE1bits                 (abs)        008C
_PIR1bits                 (abs)        000C
_PORTAbits                (abs)        0005
_PORTD                    (abs)        0008
_PORTE                    (abs)        0009
_RCEN                     (abs)        048B
_RE0                      (abs)        0048
_SSPADD                   (abs)        0093
_SSPBUF                   (abs)        0013
_SSPCON                   (abs)        0014
_SSPCON2                  (abs)        0091
_SSPCON2bits              (abs)        0091
_SSPCONbits               (abs)        0014
_SSPIE                    (abs)        0463
_SSPIF                    (abs)        0063
_SSPSTAT                  (abs)        0094
_SSPSTATbits              (abs)        0094
_T1CONbits                (abs)        0010
_TMR1                     (abs)        000E
_TRISA0                   (abs)        0428
_TRISA1                   (abs)        0429
_TRISC3                   (abs)        043B
_TRISC4                   (abs)        043C
_TRISD                    (abs)        0088
_TRISE                    (abs)        0089
__CFG_BOR4V$BOR40V        (abs)        0000
__CFG_BOREN$OFF           (abs)        0000
__CFG_CP$OFF              (abs)        0000
__CFG_CPD$OFF             (abs)        0000
__CFG_FCMEN$OFF           (abs)        0000
__CFG_FOSC$INTRC_NOCLKOUT (abs)        0000
__CFG_IESO$OFF            (abs)        0000
__CFG_LVP$OFF             (abs)        0000
__CFG_MCLRE$OFF           (abs)        0000
__CFG_PWRTE$OFF           (abs)        0000
__CFG_WDTE$OFF            (abs)        0000
__CFG_WRT$OFF             (abs)        0000
__Habs1                   abs1         0000
__Hbank0                  bank0        0000
__Hbank1                  bank1        0000
__Hbank2                  bank2        0000
__Hbank3                  bank3        0000
__HbssBANK0               bssBANK0     0000
__HbssCOMMON              bssCOMMON    0000
__Hcinit                  cinit        0021
__Hclrtext                clrtext      0000
__Hcode                   code         0000
__Hcommon                 common       0000
__Hconfig                 config       2009
__HcstackBANK0            cstackBANK0  0000
__HcstackCOMMON           cstackCOMMON 0000
__Heeprom_data            eeprom_data  0000
__Hend_init               end_init     000F
__Hfunctab                functab      0000
__Hidloc                  idloc        0000
__Hinit                   init         000C
__Hintentry               intentry     000C
__Hmaintext               maintext     0000
__Hpowerup                powerup      0000
__Hram                    ram          0000
__Hreset_vec              reset_vec    0003
__Hsfr0                   sfr0         0000
__Hsfr1                   sfr1         0000
__Hsfr2                   sfr2         0000
__Hsfr3                   sfr3         0000
__Hspace_0                (abs)        2009
__Hspace_1                (abs)        007E
__Hspace_2                (abs)        0000
__Hspace_3                (abs)        0000
__Hstack                  stack        0000
__Hstrings                strings      0000
__Htext                   text         0000
__Labs1                   abs1         0000
__Lbank0                  bank0        0000
__Lbank1                  bank1        0000
__Lbank2                  bank2        0000
__Lbank3                  bank3        0000
__LbssBANK0               bssBANK0     0000
__LbssCOMMON              bssCOMMON    0000
__Lcinit                  cinit        000F
__Lclrtext                clrtext      0000
__Lcode                   code         0000
__Lcommon                 common       0000
__Lconfig                 config       2007
__LcstackBANK0            cstackBANK0  0000
__LcstackCOMMON           cstackCOMMON 0000
__Leeprom_data            eeprom_data  0000
__Lend_init               end_init     000C
__Lfunctab                functab      0000
__Lidloc                  idloc        0000
__Linit                   init         000C
__Lintentry               intentry     0004
__Lmaintext               maintext     0000
__Lpowerup                powerup      0000
__Lram                    ram          0000
__Lreset_vec              reset_vec    0000
__Lsfr0                   sfr0         0000
__Lsfr1                   sfr1         0000
__Lsfr2                   sfr2         0000
__Lsfr3                   sfr3         0000
__Lspace_0                (abs)        0000
__Lspace_1                (abs)        0000
__Lspace_2                (abs)        0000
__Lspace_3                (abs)        0000
__Lstack                  stack        0000
__Lstrings                strings      0000
__Ltext                   text         0000
__S0                      (abs)        2009
__S1                      (abs)        007E
__S2                      (abs)        0000
__S3                      (abs)        0000
___int_sp                 stack        0000
___latbits                (abs)        0002
___sp                     stack        0000
___stackhi                (abs)        0000
___stacklo                (abs)        0000
__end_of_I2C_Slave_Init   text5        027D
__end_of__initialization  cinit        001D
__end_of_dht11_begin      text9        0297
__end_of_dht11_check      text8        02B4
__end_of_dht11_read       text7        0242
__end_of_full_rev         text4        01B8
__end_of_full_step        text3        0151
__end_of_isr              text6        00DA
__end_of_main             maintext     021E
__end_of_oscilator_begin  text2        02AB
__end_of_timer1_begin     text1        0262
__initialization          cinit        000F
__pbssBANK0               bssBANK0     0020
__pbssCOMMON              bssCOMMON    0070
__pcstackBANK0            cstackBANK0  0034
__pcstackCOMMON           cstackCOMMON 0077
__pintentry               intentry     0004
__pmaintext               maintext     01B8
__ptext1                  text1        0242
__ptext2                  text2        0297
__ptext3                  text3        00DA
__ptext4                  text4        0151
__ptext5                  text5        0262
__ptext6                  text6        0021
__ptext7                  text7        021E
__ptext8                  text8        02AB
__ptext9                  text9        027D
__size_of_I2C_Slave_Init  (abs)        0000
__size_of_dht11_begin     (abs)        0000
__size_of_dht11_check     (abs)        0000
__size_of_dht11_read      (abs)        0000
__size_of_full_rev        (abs)        0000
__size_of_full_step       (abs)        0000
__size_of_isr             (abs)        0000
__size_of_main            (abs)        0000
__size_of_oscilator_begin (abs)        0000
__size_of_timer1_begin    (abs)        0000
_check                    bssBANK0     002E
_count                    bssBANK0     002A
_dht11_begin              text9        027D
_dht11_check              text8        02AB
_dht11_read               text7        021E
_full_rev                 text4        0151
_full_step                text3        00DA
_hum_dec                  bssBANK0     002F
_hum_int                  bssBANK0     0030
_isr                      text6        0021
_main                     maintext     01B8
_oscilator_begin          text2        0297
_state                    bssBANK0     002B
_t1_count                 bssBANK0     0033
_temp_dec                 bssBANK0     0031
_temp_int                 bssBANK0     0032
_timer1_begin             text1        0242
_total                    bssBANK0     002D
_var                      bssCOMMON    0076
_z                        bssBANK0     002C
btemp                     (abs)        007E
clear_ram0                clrtext      02B4
dht11_read@i              bssCOMMON    0075
dht11_read@temp           bssCOMMON    0074
end_of_initialization     cinit        001D
full_rev@a                bssBANK0     0022
full_rev@i                bssBANK0     0024
full_rev@steps            cstackBANK0  0034
full_step@i               bssBANK0     0028
full_step@steps           cstackBANK0  0034
interrupt_function        intentry     0004
intlevel0                 functab      0000
intlevel1                 functab      0000
intlevel2                 functab      0000
intlevel3                 functab      0000
intlevel4                 functab      0000
intlevel5                 functab      0000
oscilator_begin@freq      cstackBANK0  0035
reset_vec                 reset_vec    0000
saved_w                   (abs)        007E
start                     init         000C
start_initialization      cinit        000F
timer1_begin@offset       cstackBANK0  0037
timer1_begin@prescaler    cstackBANK0  0034
wave_rev@a                bssCOMMON    0070
wave_rev@i                bssBANK0     0020
wave_step@a               bssCOMMON    0072
wave_step@i               bssBANK0     0026
wtemp0                    (abs)        007E


FUNCTION INFORMATION:

 *************** function _main *****************
 Defined at:
		line 106 in file "Esclavo3.c"
 Parameters:    Size  Location     Type
		None
 Auto vars:     Size  Location     Type
		None
 Return value:  Size  Location     Type
                  1    wreg      void 
 Registers used:
		wreg, status,2, status,0, pclath, cstack
 Tracked objects:
		On entry : 
		On exit  : 
		Unchanged: 
 Data sizes:     COMMON   BANK0   BANK1   BANK3   BANK2
      Params:         0       0       0       0       0
      Locals:         0       0       0       0       0
      Temps:          0       1       0       0       0
      Totals:         0       1       0       0       0
Total ram usage:        1 bytes
 Hardware stack levels required when called:    3
 This function calls:
		_I2C_Slave_Init
		_full_rev
		_full_step
		_oscilator_begin
		_timer1_begin
 This function is called by:
		Startup code after reset
 This function uses a non-reentrant model


 *************** function _timer1_begin *****************
 Defined at:
		line 8 in file "timer1.c"
 Parameters:    Size  Location     Type
  offset          1    wreg     unsigned char 
  prescaler       1    0[BANK0 ] unsigned char 
 Auto vars:     Size  Location     Type
  offset          1    3[BANK0 ] unsigned char 
 Return value:  Size  Location     Type
                  1    wreg      void 
 Registers used:
		wreg, status,2, status,0
 Tracked objects:
		On entry : 
		On exit  : 
		Unchanged: 
 Data sizes:     COMMON   BANK0   BANK1   BANK3   BANK2
      Params:         0       1       0       0       0
      Locals:         0       1       0       0       0
      Temps:          0       2       0       0       0
      Totals:         0       4       0       0       0
Total ram usage:        4 bytes
 Hardware stack levels used:    1
 Hardware stack levels required when called:    2
 This function calls:
		Nothing
 This function is called by:
		_main
 This function uses a non-reentrant model


 *************** function _oscilator_begin *****************
 Defined at:
		line 9 in file "./Oscilator.h"
 Parameters:    Size  Location     Type
  freq            1    wreg     unsigned char 
 Auto vars:     Size  Location     Type
  freq            1    1[BANK0 ] unsigned char 
 Return value:  Size  Location     Type
                  1    wreg      void 
 Registers used:
		wreg, status,2, status,0
 Tracked objects:
		On entry : 
		On exit  : 
		Unchanged: 
 Data sizes:     COMMON   BANK0   BANK1   BANK3   BANK2
      Params:         0       0       0       0       0
      Locals:         0       1       0       0       0
      Temps:          0       1       0       0       0
      Totals:         0       2       0       0       0
Total ram usage:        2 bytes
 Hardware stack levels used:    1
 Hardware stack levels required when called:    2
 This function calls:
		Nothing
 This function is called by:
		_main
 This function uses a non-reentrant model


 *************** function _full_step *****************
 Defined at:
		line 9 in file "stepper.c"
 Parameters:    Size  Location     Type
  steps           2    0[BANK0 ] unsigned int 
 Auto vars:     Size  Location     Type
		None
 Return value:  Size  Location     Type
                  1    wreg      void 
 Registers used:
		wreg, status,2, status,0
 Tracked objects:
		On entry : 
		On exit  : 
		Unchanged: 
 Data sizes:     COMMON   BANK0   BANK1   BANK3   BANK2
      Params:         0       2       0       0       0
      Locals:         0       0       0       0       0
      Temps:          0       2       0       0       0
      Totals:         0       4       0       0       0
Total ram usage:        4 bytes
 Hardware stack levels used:    1
 Hardware stack levels required when called:    2
 This function calls:
		Nothing
 This function is called by:
		_main
 This function uses a non-reentrant model


 *************** function _full_rev *****************
 Defined at:
		line 69 in file "stepper.c"
 Parameters:    Size  Location     Type
  steps           2    0[BANK0 ] unsigned int 
 Auto vars:     Size  Location     Type
		None
 Return value:  Size  Location     Type
                  1    wreg      void 
 Registers used:
		wreg, status,2, status,0
 Tracked objects:
		On entry : 
		On exit  : 
		Unchanged: 
 Data sizes:     COMMON   BANK0   BANK1   BANK3   BANK2
      Params:         0       2       0       0       0
      Locals:         0       0       0       0       0
      Temps:          0       2       0       0       0
      Totals:         0       4       0       0       0
Total ram usage:        4 bytes
 Hardware stack levels used:    1
 Hardware stack levels required when called:    2
 This function calls:
		Nothing
 This function is called by:
		_main
 This function uses a non-reentrant model


 *************** function _I2C_Slave_Init *****************
 Defined at:
		line 93 in file "./I2C.h"
 Parameters:    Size  Location     Type
  address         2    0[BANK0 ] short 
 Auto vars:     Size  Location     Type
		None
 Return value:  Size  Location     Type
                  1    wreg      void 
 Registers used:
		wreg
 Tracked objects:
		On entry : 
		On exit  : 
		Unchanged: 
 Data sizes:     COMMON   BANK0   BANK1   BANK3   BANK2
      Params:         0       2       0       0       0
      Locals:         0       0       0       0       0
      Temps:          0       0       0       0       0
      Totals:         0       2       0       0       0
Total ram usage:        2 bytes
 Hardware stack levels used:    1
 Hardware stack levels required when called:    2
 This function calls:
		Nothing
 This function is called by:
		_main
 This function uses a non-reentrant model


 *************** function _isr *****************
 Defined at:
		line 33 in file "Esclavo3.c"
 Parameters:    Size  Location     Type
		None
 Auto vars:     Size  Location     Type
		None
 Return value:  Size  Location     Type
                  1    wreg      void 
 Registers used:
		wreg, status,2, status,0, pclath, cstack
 Tracked objects:
		On entry : 
		On exit  : 
		Unchanged: 
 Data sizes:     COMMON   BANK0   BANK1   BANK3   BANK2
      Params:         0       0       0       0       0
      Locals:         0       0       0       0       0
      Temps:          5       0       0       0       0
      Totals:         5       0       0       0       0
Total ram usage:        5 bytes
 Hardware stack levels used:    1
 Hardware stack levels required when called:    1
 This function calls:
		_dht11_begin
		_dht11_check
		_dht11_read
 This function is called by:
		Interrupt level 1
 This function uses a non-reentrant model


 *************** function _dht11_read *****************
 Defined at:
		line 30 in file "dht11_h.c"
 Parameters:    Size  Location     Type
		None
 Auto vars:     Size  Location     Type
		None
 Return value:  Size  Location     Type
                  1    wreg      unsigned char 
 Registers used:
		wreg, status,2, status,0
 Tracked objects:
		On entry : 
		On exit  : 
		Unchanged: 
 Data sizes:     COMMON   BANK0   BANK1   BANK3   BANK2
      Params:         0       0       0       0       0
      Locals:         0       0       0       0       0
      Temps:          2       0       0       0       0
      Totals:         2       0       0       0       0
Total ram usage:        2 bytes
 Hardware stack levels used:    1
 This function calls:
		Nothing
 This function is called by:
		_isr
 This function uses a non-reentrant model


 *************** function _dht11_check *****************
 Defined at:
		line 23 in file "dht11_h.c"
 Parameters:    Size  Location     Type
		None
 Auto vars:     Size  Location     Type
		None
 Return value:  Size  Location     Type
                  1    wreg      void 
 Registers used:
		None
 Tracked objects:
		On entry : 
		On exit  : 
		Unchanged: 
 Data sizes:     COMMON   BANK0   BANK1   BANK3   BANK2
      Params:         0       0       0       0       0
      Locals:         0       0       0       0       0
      Temps:          0       0       0       0       0
      Totals:         0       0       0       0       0
Total ram usage:        0 bytes
 Hardware stack levels used:    1
 This function calls:
		Nothing
 This function is called by:
		_isr
 This function uses a non-reentrant model


 *************** function _dht11_begin *****************
 Defined at:
		line 12 in file "dht11_h.c"
 Parameters:    Size  Location     Type
		None
 Auto vars:     Size  Location     Type
		None
 Return value:  Size  Location     Type
                  1    wreg      void 
 Registers used:
		wreg
 Tracked objects:
		On entry : 
		On exit  : 
		Unchanged: 
 Data sizes:     COMMON   BANK0   BANK1   BANK3   BANK2
      Params:         0       0       0       0       0
      Locals:         0       0       0       0       0
      Temps:          2       0       0       0       0
      Totals:         2       0       0       0       0
Total ram usage:        2 bytes
 Hardware stack levels used:    1
 This function calls:
		Nothing
 This function is called by:
		_isr
 This function uses a non-reentrant model



MODULE INFORMATION

Module		Function		Class		Link	Load	Size
dht11_h.c
		_dht11_read    		CODE           	021E	0000	37
		_dht11_begin   		CODE           	027D	0000	27
		_dht11_check   		CODE           	02AB	0000	10

dht11_h.c estimated size: 74

./Oscilator.h
		_oscilator_begin		CODE           	0297	0000	21

./Oscilator.h estimated size: 21

stepper.c
		_full_step     		CODE           	00DA	0000	120
		_full_rev      		CODE           	0151	0000	104

stepper.c estimated size: 224

shared
		__initialization		CODE           	000F	0000	15

shared estimated size: 15

./I2C.h
		_I2C_Slave_Init		CODE           	0262	0000	28

./I2C.h estimated size: 28

Esclavo3.c
		_main          		CODE           	01B8	0000	103
		_isr           		CODE           	0021	0000	186

Esclavo3.c estimated size: 289

timer1.c
		_timer1_begin  		CODE           	0242	0000	33

timer1.c estimated size: 33

