Microchip MPLAB XC8 Compiler V2.05 ()

Linker command line:

-W-3 --edf=C:\Program Files (x86)\Microchip\xc8\v2.05\pic\dat\en_msgs.txt \
  -cs -h+dist/default/production\humedad.X.production.sym \
  --cmf=dist/default/production\humedad.X.production.cmf -z -Q16F887 \
  -oC:\Users\jmoli\AppData\Local\Temp\sc20.2 --defsym=__MPLAB_BUILD=1 \
  -Mdist/default/production/humedad.X.production.map -E1 -ver=XC8 \
  --acfsm=1493 -ASTACK=0110h-016Fh -pstack=STACK -ACODE=00h-07FFhx4 \
  -ASTRCODE=00h-01FFFh -ASTRING=00h-0FFhx32 -ACONST=00h-0FFhx32 \
  -AENTRY=00h-0FFhx32 -ACOMMON=070h-07Fh -ABANK0=020h-06Fh \
  -ABANK1=0A0h-0EFh -ABANK2=0110h-016Fh -ABANK3=0190h-01EFh \
  -ARAM=020h-06Fh,0A0h-0EFh,0110h-016Fh,0190h-01EFh \
  -AABS1=020h-07Fh,0A0h-0EFh,0110h-016Fh,0190h-01EFh -ASFR0=00h-01Fh \
  -ASFR1=080h-09Fh -ASFR2=0100h-010Fh -ASFR3=0180h-018Fh \
  -preset_vec=00h,intentry=04h,init,end_init -ppowerup=CODE -pcinit=CODE \
  -pfunctab=ENTRY -ACONFIG=02007h-02008h -pconfig=CONFIG -DCONFIG=2 \
  -AIDLOC=02000h-02003h -pidloc=IDLOC -DIDLOC=2 -AEEDATA=00h-0FFh/02100h \
  -peeprom_data=EEDATA -DEEDATA=2 -DCODE=2 -DSTRCODE=2 -DSTRING=2 -DCONST=2 \
  -DENTRY=2 -k C:\Users\jmoli\AppData\Local\Temp\sc20.o \
  dist/default/production\humedad.X.production.o 

Object code version is 3.11

Machine type is 16F887



                Name                               Link     Load   Length Selector   Space Scale
C:\Users\jmoli\AppData\Local\Temp\sc20.o
                end_init                              C        C        3        8       0
                reset_vec                             0        0        3        0       0
                config                             2007     2007        2     400E       0
dist/default/production\humedad.X.production.o
                cinit                                 F        F        E        8       0
                intentry                              4        4        8        8       0
                text15                              43F      43F       12      58A       0
                text14                              42B      42B       14      58A       0
                text13                              2C5      2C5       54      58A       0
                text12                              46F      46F        B      58A       0
                text11                              412      412       19      58A       0
                text10                              451      451       10      58A       0
                text9                               38B      38B       2A      58A       0
                text8                               3F8      3F8       1A      58A       0
                text7                               47A      47A        9      58A       0
                text6                               3B5      3B5       23      58A       0
                text5                               461      461        E      58A       0
                text4                               319      319       3E      58A       0
                text3                               357      357       34      58A       0
                text2                               18D      18D       DA        8       0
                text1                               3D8      3D8       20      58A       0
                maintext                             1D       1D      170        8       0
                cstackBANK0                          20       20       19       20       1
                cstackCOMMON                         70       70        8       70       1
                clrtext                             483      483        8      58A       0
                bssBANK0                             39       39       16       20       1
                bssCOMMON                            78       78        3       70       1
                strings                             267      267       5E      4CE       0

TOTAL           Name                               Link     Load   Length     Space
        CLASS   STACK          

        CLASS   CODE           
                end_init                              C        C        3         0
                cinit                                 F        F        E         0
                intentry                              4        4        8         0
                reset_vec                             0        0        3         0
                text15                              43F      43F       12         0
                text14                              42B      42B       14         0
                text13                              2C5      2C5       54         0
                text12                              46F      46F        B         0
                text11                              412      412       19         0
                text10                              451      451       10         0
                text9                               38B      38B       2A         0
                text8                               3F8      3F8       1A         0
                text7                               47A      47A        9         0
                text6                               3B5      3B5       23         0
                text5                               461      461        E         0
                text4                               319      319       3E         0
                text3                               357      357       34         0
                text2                               18D      18D       DA         0
                text1                               3D8      3D8       20         0
                maintext                             1D       1D      170         0
                clrtext                             483      483        8         0

        CLASS   STRCODE        

        CLASS   STRING         
                strings                             267      267       5E         0

        CLASS   CONST          

        CLASS   ENTRY          

        CLASS   COMMON         
                cstackCOMMON                         70       70        8         1
                bssCOMMON                            78       78        3         1

        CLASS   BANK0          
                cstackBANK0                          20       20       19         1
                bssBANK0                             39       39       16         1

        CLASS   BANK1          

        CLASS   BANK2          

        CLASS   BANK3          

        CLASS   RAM            

        CLASS   ABS1           
                abs_s1                               7E       7E        2         1

        CLASS   SFR0           

        CLASS   SFR1           

        CLASS   SFR2           

        CLASS   SFR3           

        CLASS   CONFIG         
                config                             2007     2007        2         0

        CLASS   IDLOC          

        CLASS   EEDATA         



SEGMENTS        Name                           Load    Length   Top    Selector   Space  Class     Delta

                reset_vec                      000000  000003  000003         0       0  CODE        2
                intentry                       000004  000263  000267         8       0  CODE        2
                cstackBANK0                    000020  00002F  00004F        20       1  BANK0       1
                cstackCOMMON                   000070  00000B  00007B        70       1  COMMON      1
                strings                        000267  00005E  0002C5       4CE       0  STRING      2
                text13                         0002C5  0001C6  00048B       58A       0  CODE        2
                config                         002007  000002  002009      400E       0  CONFIG      2


UNUSED ADDRESS RANGES

        Name                Unused          Largest block    Delta
        BANK0            004F-006F             21           1
        BANK1            00A0-00EF             50           1
        BANK2            0110-016F             60           1
        BANK3            0190-01EF             60           1
        CODE             0003-0003              1           2
                         048B-1FFF            800
        COMMON           007B-007D              3           1
        CONST            0003-0003              1           2
                         048B-1FFF            100
        EEDATA           2100-21FF            100           2
        ENTRY            0003-0003              1           2
                         048B-1FFF            100
        IDLOC            2000-2003              4           2
        RAM              004F-006F             21           1
                         00A0-00EF             50
                         0110-016F             60
                         0190-01EF             60
        SFR0             0000-001F             20           1
        SFR1             0080-009F             20           1
        SFR2             0100-010F             10           1
        SFR3             0180-018F             10           1
        STACK            0110-016F             60           1
        STRCODE          0003-0003              1           2
                         048B-1FFF           1B75
        STRING           0003-0003              1           2
                         048B-1FFF            100

                                  Symbol Table

?___lwdiv                 cstackCOMMON 0073
?___lwmod                 cstackBANK0  0023
?_sprintf                 cstackBANK0  0029
LCD8_cmd@data             cstackCOMMON 0075
LCD8_set_cursor@column    cstackCOMMON 0076
LCD8_set_cursor@cursor    cstackBANK0  0020
LCD8_set_cursor@row       cstackBANK0  0021
LCD8_strWrite@data        cstackCOMMON 0075
LCD8_strWrite@i           cstackBANK0  0020
LCD8_write@data           cstackCOMMON 0074
_ANSEL                    (abs)        0188
_INTCONbits               (abs)        000B
_LCD8_begin               text13       02C5
_LCD8_clear               text12       046F
_LCD8_cmd                 text14       042B
_LCD8_set_cursor          text11       0412
_LCD8_strWrite            text9        038B
_LCD8_write               text10       0451
_OSCCONbits               (abs)        008F
_PIE1bits                 (abs)        008C
_PIR1bits                 (abs)        000C
_PORTA                    (abs)        0005
_PORTB                    (abs)        0006
_RA0                      (abs)        0028
_RA1                      (abs)        0029
_RA2                      (abs)        002A
_T1CONbits                (abs)        0010
_TMR1                     (abs)        000E
_TRISA0                   (abs)        0428
_TRISA1                   (abs)        0429
_TRISA2                   (abs)        042A
_TRISA3                   (abs)        042B
_TRISB                    (abs)        0086
__CFG_BOR4V$BOR40V        (abs)        0000
__CFG_BOREN$ON            (abs)        0000
__CFG_CP$OFF              (abs)        0000
__CFG_CPD$OFF             (abs)        0000
__CFG_FCMEN$OFF           (abs)        0000
__CFG_FOSC$INTRC_NOCLKOUT (abs)        0000
__CFG_IESO$OFF            (abs)        0000
__CFG_LVP$OFF             (abs)        0000
__CFG_MCLRE$OFF           (abs)        0000
__CFG_PWRTE$OFF           (abs)        0000
__CFG_WDTE$OFF            (abs)        0000
__CFG_WRT$OFF             (abs)        0000
__Habs1                   abs1         0000
__Hbank0                  bank0        0000
__Hbank1                  bank1        0000
__Hbank2                  bank2        0000
__Hbank3                  bank3        0000
__HbssBANK0               bssBANK0     0000
__HbssCOMMON              bssCOMMON    0000
__Hcinit                  cinit        001D
__Hclrtext                clrtext      0000
__Hcode                   code         0000
__Hcommon                 common       0000
__Hconfig                 config       2009
__HcstackBANK0            cstackBANK0  0000
__HcstackCOMMON           cstackCOMMON 0000
__Heeprom_data            eeprom_data  0000
__Hend_init               end_init     000F
__Hfunctab                functab      0000
__Hidloc                  idloc        0000
__Hinit                   init         000C
__Hintentry               intentry     000C
__Hmaintext               maintext     0000
__Hpowerup                powerup      0000
__Hram                    ram          0000
__Hreset_vec              reset_vec    0003
__Hsfr0                   sfr0         0000
__Hsfr1                   sfr1         0000
__Hsfr2                   sfr2         0000
__Hsfr3                   sfr3         0000
__Hspace_0                (abs)        2009
__Hspace_1                (abs)        007B
__Hspace_2                (abs)        0000
__Hspace_3                (abs)        0000
__Hstack                  stack        0000
__Hstrings                strings      0000
__Htext                   text         0000
__Labs1                   abs1         0000
__Lbank0                  bank0        0000
__Lbank1                  bank1        0000
__Lbank2                  bank2        0000
__Lbank3                  bank3        0000
__LbssBANK0               bssBANK0     0000
__LbssCOMMON              bssCOMMON    0000
__Lcinit                  cinit        000F
__Lclrtext                clrtext      0000
__Lcode                   code         0000
__Lcommon                 common       0000
__Lconfig                 config       2007
__LcstackBANK0            cstackBANK0  0000
__LcstackCOMMON           cstackCOMMON 0000
__Leeprom_data            eeprom_data  0000
__Lend_init               end_init     000C
__Lfunctab                functab      0000
__Lidloc                  idloc        0000
__Linit                   init         000C
__Lintentry               intentry     0004
__Lmaintext               maintext     0000
__Lpowerup                powerup      0000
__Lram                    ram          0000
__Lreset_vec              reset_vec    0000
__Lsfr0                   sfr0         0000
__Lsfr1                   sfr1         0000
__Lsfr2                   sfr2         0000
__Lsfr3                   sfr3         0000
__Lspace_0                (abs)        0000
__Lspace_1                (abs)        0000
__Lspace_2                (abs)        0000
__Lspace_3                (abs)        0000
__Lstack                  stack        0000
__Lstrings                strings      0000
__Ltext                   text         0000
__S0                      (abs)        2009
__S1                      (abs)        007B
__S2                      (abs)        0000
__S3                      (abs)        0000
___int_sp                 stack        0000
___latbits                (abs)        0002
___lwdiv                  text4        0319
___lwdiv@counter          cstackBANK0  0020
___lwdiv@dividend         cstackCOMMON 0075
___lwdiv@divisor          cstackCOMMON 0073
___lwdiv@quotient         cstackBANK0  0021
___lwmod                  text3        0357
___lwmod@counter          cstackBANK0  0028
___lwmod@dividend         cstackBANK0  0025
___lwmod@divisor          cstackBANK0  0023
___sp                     stack        0000
___stackhi                (abs)        0000
___stacklo                (abs)        0000
__end_of_LCD8_begin       text13       0319
__end_of_LCD8_clear       text12       047A
__end_of_LCD8_cmd         text14       043F
__end_of_LCD8_set_cursor  text11       042B
__end_of_LCD8_strWrite    text9        03B5
__end_of_LCD8_write       text10       0461
__end_of___lwdiv          text4        0357
__end_of___lwmod          text3        038B
__end_of__initialization  cinit        0019
__end_of__stringtab       strings      0277
__end_of_dht11_begin      text8        0412
__end_of_dht11_check      text7        0483
__end_of_dht11_read       text6        03D8
__end_of_dpowers          strings      0281
__end_of_isr              text15       0451
__end_of_main             maintext     018D
__end_of_oscilator_begin  text5        046F
__end_of_sprintf          text2        0267
__end_of_timer1_begin     text1        03F8
__initialization          cinit        000F
__pbssBANK0               bssBANK0     0039
__pbssCOMMON              bssCOMMON    0078
__pcstackBANK0            cstackBANK0  0020
__pcstackCOMMON           cstackCOMMON 0070
__pintentry               intentry     0004
__pmaintext               maintext     001D
__pstrings                strings      0267
__ptext1                  text1        03D8
__ptext10                 text10       0451
__ptext11                 text11       0412
__ptext12                 text12       046F
__ptext13                 text13       02C5
__ptext14                 text14       042B
__ptext15                 text15       043F
__ptext2                  text2        018D
__ptext3                  text3        0357
__ptext4                  text4        0319
__ptext5                  text5        0461
__ptext6                  text6        03B5
__ptext7                  text7        047A
__ptext8                  text8        03F8
__ptext9                  text9        038B
__size_of_LCD8_begin      (abs)        0000
__size_of_LCD8_clear      (abs)        0000
__size_of_LCD8_cmd        (abs)        0000
__size_of_LCD8_set_cursor (abs)        0000
__size_of_LCD8_strWrite   (abs)        0000
__size_of_LCD8_write      (abs)        0000
__size_of___lwdiv         (abs)        0000
__size_of___lwmod         (abs)        0000
__size_of_dht11_begin     (abs)        0000
__size_of_dht11_check     (abs)        0000
__size_of_dht11_read      (abs)        0000
__size_of_isr             (abs)        0000
__size_of_main            (abs)        0000
__size_of_oscilator_begin (abs)        0000
__size_of_sprintf         (abs)        0000
__size_of_timer1_begin    (abs)        0000
__stringbase              strings      0276
__stringtab               strings      0267
_check                    bssBANK0     003C
_dht11_begin              text8        03F8
_dht11_check              text7        047A
_dht11_read               text6        03B5
_dpowers                  strings      0277
_hum_dec                  bssBANK0     003D
_hum_int                  bssBANK0     003E
_isr                      text15       043F
_main                     maintext     001D
_oscilator_begin          text5        0461
_show                     bssBANK0     0040
_sprintf                  text2        018D
_t1_count                 bssCOMMON    007A
_temp_dec                 bssBANK0     003F
_temp_int                 bssCOMMON    0079
_timer1_begin             text1        03D8
_total                    bssBANK0     003B
btemp                     (abs)        007E
clear_ram0                clrtext      0483
dht11_read@i              bssBANK0     0039
dht11_read@temp           bssCOMMON    0078
end_of_initialization     cinit        0019
interrupt_function        intentry     0004
intlevel0                 functab      0000
intlevel1                 functab      0000
intlevel2                 functab      0000
intlevel3                 functab      0000
intlevel4                 functab      0000
intlevel5                 functab      0000
oscilator_begin@freq      cstackCOMMON 0074
reset_vec                 reset_vec    0000
saved_w                   (abs)        007E
sprintf@ap                cstackBANK0  002F
sprintf@c                 cstackBANK0  0035
sprintf@f                 cstackBANK0  0029
sprintf@flag              cstackBANK0  0030
sprintf@prec              cstackBANK0  0031
sprintf@sp                cstackBANK0  0034
sprintf@val               cstackBANK0  0032
start                     init         000C
start_initialization      cinit        000F
timer1_begin@offset       cstackCOMMON 0076
timer1_begin@prescaler    cstackCOMMON 0073
wtemp0                    (abs)        007E


FUNCTION INFORMATION:

 *************** function _main *****************
 Defined at:
		line 42 in file "humedad_main.c"
 Parameters:    Size  Location     Type
		None
 Auto vars:     Size  Location     Type
		None
 Return value:  Size  Location     Type
                  1    wreg      void 
 Registers used:
		wreg, fsr0l, fsr0h, status,2, status,0, btemp+1, pclath, cstack
 Tracked objects:
		On entry : 
		On exit  : 
		Unchanged: 
 Data sizes:     COMMON   BANK0   BANK1   BANK3   BANK2
      Params:         0       0       0       0       0
      Locals:         0       0       0       0       0
      Temps:          0       3       0       0       0
      Totals:         0       3       0       0       0
Total ram usage:        3 bytes
 Hardware stack levels required when called:    3
 This function calls:
		_LCD8_begin
		_LCD8_clear
		_LCD8_set_cursor
		_LCD8_strWrite
		_dht11_begin
		_dht11_check
		_dht11_read
		_oscilator_begin
		_sprintf
		_timer1_begin
 This function is called by:
		Startup code after reset
 This function uses a non-reentrant model


 *************** function _timer1_begin *****************
 Defined at:
		line 8 in file "timer1.c"
 Parameters:    Size  Location     Type
  offset          1    wreg     unsigned char 
  prescaler       1    3[COMMON] unsigned char 
 Auto vars:     Size  Location     Type
  offset          1    6[COMMON] unsigned char 
 Return value:  Size  Location     Type
                  1    wreg      void 
 Registers used:
		wreg, status,2, status,0
 Tracked objects:
		On entry : 
		On exit  : 
		Unchanged: 
 Data sizes:     COMMON   BANK0   BANK1   BANK3   BANK2
      Params:         1       0       0       0       0
      Locals:         1       0       0       0       0
      Temps:          2       0       0       0       0
      Totals:         4       0       0       0       0
Total ram usage:        4 bytes
 Hardware stack levels used:    1
 Hardware stack levels required when called:    1
 This function calls:
		Nothing
 This function is called by:
		_main
 This function uses a non-reentrant model


 *************** function _sprintf *****************
 Defined at:
		line 500 in file "C:\Program Files (x86)\Microchip\xc8\v2.05\pic\sources\c90\common\doprnt.c"
 Parameters:    Size  Location     Type
  sp              1    wreg     PTR unsigned char 
		 -> show(15), 
  f               1    9[BANK0 ] PTR const unsigned char 
		 -> STR_8(3), STR_7(5), STR_6(9), STR_5(5), 
		 -> STR_4(12), 
 Auto vars:     Size  Location     Type
  sp              1   20[BANK0 ] PTR unsigned char 
		 -> show(15), 
  tmpval          4    0        struct .
  val             2   18[BANK0 ] unsigned int 
  cp              2    0        PTR const unsigned char 
  len             2    0        unsigned int 
  c               1   21[BANK0 ] unsigned char 
  prec            1   17[BANK0 ] char 
  flag            1   16[BANK0 ] unsigned char 
  ap              1   15[BANK0 ] PTR void [1]
		 -> ?_sprintf(2), 
 Return value:  Size  Location     Type
                  2    9[BANK0 ] int 
 Registers used:
		wreg, fsr0l, fsr0h, status,2, status,0, btemp+1, pclath, cstack
 Tracked objects:
		On entry : 
		On exit  : 
		Unchanged: 
 Data sizes:     COMMON   BANK0   BANK1   BANK3   BANK2
      Params:         0       3       0       0       0
      Locals:         0       7       0       0       0
      Temps:          0       3       0       0       0
      Totals:         0      13       0       0       0
Total ram usage:       13 bytes
 Hardware stack levels used:    1
 Hardware stack levels required when called:    2
 This function calls:
		___lwdiv
		___lwmod
 This function is called by:
		_main
 This function uses a non-reentrant model


 *************** function ___lwmod *****************
 Defined at:
		line 5 in file "C:\Program Files (x86)\Microchip\xc8\v2.05\pic\sources\c90\common\lwmod.c"
 Parameters:    Size  Location     Type
  divisor         2    3[BANK0 ] unsigned int 
  dividend        2    5[BANK0 ] unsigned int 
 Auto vars:     Size  Location     Type
  counter         1    8[BANK0 ] unsigned char 
 Return value:  Size  Location     Type
                  2    3[BANK0 ] unsigned int 
 Registers used:
		wreg, status,2, status,0
 Tracked objects:
		On entry : 
		On exit  : 
		Unchanged: 
 Data sizes:     COMMON   BANK0   BANK1   BANK3   BANK2
      Params:         0       4       0       0       0
      Locals:         0       1       0       0       0
      Temps:          0       1       0       0       0
      Totals:         0       6       0       0       0
Total ram usage:        6 bytes
 Hardware stack levels used:    1
 Hardware stack levels required when called:    1
 This function calls:
		Nothing
 This function is called by:
		_sprintf
 This function uses a non-reentrant model


 *************** function ___lwdiv *****************
 Defined at:
		line 5 in file "C:\Program Files (x86)\Microchip\xc8\v2.05\pic\sources\c90\common\lwdiv.c"
 Parameters:    Size  Location     Type
  divisor         2    3[COMMON] unsigned int 
  dividend        2    5[COMMON] unsigned int 
 Auto vars:     Size  Location     Type
  quotient        2    1[BANK0 ] unsigned int 
  counter         1    0[BANK0 ] unsigned char 
 Return value:  Size  Location     Type
                  2    3[COMMON] unsigned int 
 Registers used:
		wreg, status,2, status,0
 Tracked objects:
		On entry : 
		On exit  : 
		Unchanged: 
 Data sizes:     COMMON   BANK0   BANK1   BANK3   BANK2
      Params:         4       0       0       0       0
      Locals:         0       3       0       0       0
      Temps:          1       0       0       0       0
      Totals:         5       3       0       0       0
Total ram usage:        8 bytes
 Hardware stack levels used:    1
 Hardware stack levels required when called:    1
 This function calls:
		Nothing
 This function is called by:
		_sprintf
 This function uses a non-reentrant model


 *************** function _oscilator_begin *****************
 Defined at:
		line 9 in file "./Oscilator.h"
 Parameters:    Size  Location     Type
  freq            1    wreg     unsigned char 
 Auto vars:     Size  Location     Type
  freq            1    4[COMMON] unsigned char 
 Return value:  Size  Location     Type
                  1    wreg      void 
 Registers used:
		wreg, status,2, status,0
 Tracked objects:
		On entry : 
		On exit  : 
		Unchanged: 
 Data sizes:     COMMON   BANK0   BANK1   BANK3   BANK2
      Params:         0       0       0       0       0
      Locals:         1       0       0       0       0
      Temps:          1       0       0       0       0
      Totals:         2       0       0       0       0
Total ram usage:        2 bytes
 Hardware stack levels used:    1
 Hardware stack levels required when called:    1
 This function calls:
		Nothing
 This function is called by:
		_main
 This function uses a non-reentrant model


 *************** function _dht11_read *****************
 Defined at:
		line 31 in file "dht11_h.c"
 Parameters:    Size  Location     Type
		None
 Auto vars:     Size  Location     Type
		None
 Return value:  Size  Location     Type
                  1    wreg      unsigned char 
 Registers used:
		wreg, status,2, status,0
 Tracked objects:
		On entry : 
		On exit  : 
		Unchanged: 
 Data sizes:     COMMON   BANK0   BANK1   BANK3   BANK2
      Params:         0       0       0       0       0
      Locals:         0       0       0       0       0
      Temps:          2       0       0       0       0
      Totals:         2       0       0       0       0
Total ram usage:        2 bytes
 Hardware stack levels used:    1
 Hardware stack levels required when called:    1
 This function calls:
		Nothing
 This function is called by:
		_main
 This function uses a non-reentrant model


 *************** function _dht11_check *****************
 Defined at:
		line 24 in file "dht11_h.c"
 Parameters:    Size  Location     Type
		None
 Auto vars:     Size  Location     Type
		None
 Return value:  Size  Location     Type
                  1    wreg      void 
 Registers used:
		None
 Tracked objects:
		On entry : 
		On exit  : 
		Unchanged: 
 Data sizes:     COMMON   BANK0   BANK1   BANK3   BANK2
      Params:         0       0       0       0       0
      Locals:         0       0       0       0       0
      Temps:          0       0       0       0       0
      Totals:         0       0       0       0       0
Total ram usage:        0 bytes
 Hardware stack levels used:    1
 Hardware stack levels required when called:    1
 This function calls:
		Nothing
 This function is called by:
		_main
 This function uses a non-reentrant model


 *************** function _dht11_begin *****************
 Defined at:
		line 13 in file "dht11_h.c"
 Parameters:    Size  Location     Type
		None
 Auto vars:     Size  Location     Type
		None
 Return value:  Size  Location     Type
                  1    wreg      void 
 Registers used:
		wreg
 Tracked objects:
		On entry : 
		On exit  : 
		Unchanged: 
 Data sizes:     COMMON   BANK0   BANK1   BANK3   BANK2
      Params:         0       0       0       0       0
      Locals:         0       0       0       0       0
      Temps:          2       0       0       0       0
      Totals:         2       0       0       0       0
Total ram usage:        2 bytes
 Hardware stack levels used:    1
 Hardware stack levels required when called:    1
 This function calls:
		Nothing
 This function is called by:
		_main
 This function uses a non-reentrant model


 *************** function _LCD8_strWrite *****************
 Defined at:
		line 55 in file "./LCD8bit.h"
 Parameters:    Size  Location     Type
  data            2    5[COMMON] PTR unsigned char 
		 -> show(15), STR_3(13), STR_2(15), STR_1(9), 
 Auto vars:     Size  Location     Type
  i               1    0[BANK0 ] unsigned char 
 Return value:  Size  Location     Type
                  1    wreg      void 
 Registers used:
		wreg, fsr0l, fsr0h, status,2, status,0, btemp+1, pclath, cstack
 Tracked objects:
		On entry : 
		On exit  : 
		Unchanged: 
 Data sizes:     COMMON   BANK0   BANK1   BANK3   BANK2
      Params:         2       0       0       0       0
      Locals:         0       1       0       0       0
      Temps:          1       0       0       0       0
      Totals:         3       1       0       0       0
Total ram usage:        4 bytes
 Hardware stack levels used:    1
 Hardware stack levels required when called:    2
 This function calls:
		_LCD8_write
 This function is called by:
		_main
 This function uses a non-reentrant model


 *************** function _LCD8_write *****************
 Defined at:
		line 4 in file "./LCD8bit.h"
 Parameters:    Size  Location     Type
  data            1    wreg     unsigned char 
 Auto vars:     Size  Location     Type
  data            1    4[COMMON] unsigned char 
 Return value:  Size  Location     Type
                  1    wreg      void 
 Registers used:
		wreg
 Tracked objects:
		On entry : 
		On exit  : 
		Unchanged: 
 Data sizes:     COMMON   BANK0   BANK1   BANK3   BANK2
      Params:         0       0       0       0       0
      Locals:         1       0       0       0       0
      Temps:          1       0       0       0       0
      Totals:         2       0       0       0       0
Total ram usage:        2 bytes
 Hardware stack levels used:    1
 Hardware stack levels required when called:    1
 This function calls:
		Nothing
 This function is called by:
		_LCD8_strWrite
 This function uses a non-reentrant model


 *************** function _LCD8_set_cursor *****************
 Defined at:
		line 21 in file "./LCD8bit.h"
 Parameters:    Size  Location     Type
  row             1    wreg     unsigned char 
  column          1    6[COMMON] unsigned char 
 Auto vars:     Size  Location     Type
  row             1    1[BANK0 ] unsigned char 
  cursor          1    0[BANK0 ] unsigned char 
 Return value:  Size  Location     Type
                  1    wreg      void 
 Registers used:
		wreg, status,2, status,0, pclath, cstack
 Tracked objects:
		On entry : 
		On exit  : 
		Unchanged: 
 Data sizes:     COMMON   BANK0   BANK1   BANK3   BANK2
      Params:         1       0       0       0       0
      Locals:         0       2       0       0       0
      Temps:          1       0       0       0       0
      Totals:         2       2       0       0       0
Total ram usage:        4 bytes
 Hardware stack levels used:    1
 Hardware stack levels required when called:    2
 This function calls:
		_LCD8_cmd
 This function is called by:
		_main
 This function uses a non-reentrant model


 *************** function _LCD8_clear *****************
 Defined at:
		line 32 in file "./LCD8bit.h"
 Parameters:    Size  Location     Type
		None
 Auto vars:     Size  Location     Type
		None
 Return value:  Size  Location     Type
                  1    wreg      void 
 Registers used:
		wreg, status,2, status,0, pclath, cstack
 Tracked objects:
		On entry : 
		On exit  : 
		Unchanged: 
 Data sizes:     COMMON   BANK0   BANK1   BANK3   BANK2
      Params:         0       0       0       0       0
      Locals:         0       0       0       0       0
      Temps:          0       0       0       0       0
      Totals:         0       0       0       0       0
Total ram usage:        0 bytes
 Hardware stack levels used:    1
 Hardware stack levels required when called:    2
 This function calls:
		_LCD8_cmd
 This function is called by:
		_main
 This function uses a non-reentrant model


 *************** function _LCD8_begin *****************
 Defined at:
		line 37 in file "./LCD8bit.h"
 Parameters:    Size  Location     Type
		None
 Auto vars:     Size  Location     Type
		None
 Return value:  Size  Location     Type
                  1    wreg      void 
 Registers used:
		wreg, status,2, status,0, pclath, cstack
 Tracked objects:
		On entry : 
		On exit  : 
		Unchanged: 
 Data sizes:     COMMON   BANK0   BANK1   BANK3   BANK2
      Params:         0       0       0       0       0
      Locals:         0       0       0       0       0
      Temps:          2       0       0       0       0
      Totals:         2       0       0       0       0
Total ram usage:        2 bytes
 Hardware stack levels used:    1
 Hardware stack levels required when called:    2
 This function calls:
		_LCD8_cmd
 This function is called by:
		_main
 This function uses a non-reentrant model


 *************** function _LCD8_cmd *****************
 Defined at:
		line 12 in file "./LCD8bit.h"
 Parameters:    Size  Location     Type
  data            1    wreg     unsigned char 
 Auto vars:     Size  Location     Type
  data            1    5[COMMON] unsigned char 
 Return value:  Size  Location     Type
                  1    wreg      void 
 Registers used:
		wreg
 Tracked objects:
		On entry : 
		On exit  : 
		Unchanged: 
 Data sizes:     COMMON   BANK0   BANK1   BANK3   BANK2
      Params:         0       0       0       0       0
      Locals:         1       0       0       0       0
      Temps:          2       0       0       0       0
      Totals:         3       0       0       0       0
Total ram usage:        3 bytes
 Hardware stack levels used:    1
 Hardware stack levels required when called:    1
 This function calls:
		Nothing
 This function is called by:
		_LCD8_set_cursor
		_LCD8_clear
		_LCD8_begin
		_LCD8_shiftR
		_LCD8_shiftL
 This function uses a non-reentrant model


 *************** function _isr *****************
 Defined at:
		line 25 in file "timer1.c"
 Parameters:    Size  Location     Type
		None
 Auto vars:     Size  Location     Type
		None
 Return value:  Size  Location     Type
                  1    wreg      void 
 Registers used:
		wreg, status,2, status,0
 Tracked objects:
		On entry : 
		On exit  : 
		Unchanged: 
 Data sizes:     COMMON   BANK0   BANK1   BANK3   BANK2
      Params:         0       0       0       0       0
      Locals:         0       0       0       0       0
      Temps:          3       0       0       0       0
      Totals:         3       0       0       0       0
Total ram usage:        3 bytes
 Hardware stack levels used:    1
 This function calls:
		Nothing
 This function is called by:
		Interrupt level 1
 This function uses a non-reentrant model



MODULE INFORMATION

Module		Function		Class		Link	Load	Size
C:\Program Files (x86)\Microchip\xc8\v2.05\pic\sources\c90\common\doprnt.c
		_sprintf       		CODE           	018D	0000	219

C:\Program Files (x86)\Microchip\xc8\v2.05\pic\sources\c90\common\doprnt.c estimated size: 219

dht11_h.c
		_dht11_read    		CODE           	03B5	0000	36
		_dht11_begin   		CODE           	03F8	0000	27
		_dht11_check   		CODE           	047A	0000	10

dht11_h.c estimated size: 73

./Oscilator.h
		_oscilator_begin		CODE           	0461	0000	15

./Oscilator.h estimated size: 15

C:\Program Files (x86)\Microchip\xc8\v2.05\pic\sources\c90\common\lwdiv.c
		___lwdiv       		CODE           	0319	0000	63

C:\Program Files (x86)\Microchip\xc8\v2.05\pic\sources\c90\common\lwdiv.c estimated size: 63

shared
		__stringtab    		STRING         	0267	0000	17
		_dpowers       		STRING         	0277	0000	11
		__initialization		CODE           	000F	0000	11

shared estimated size: 39

humedad_main.c
		_main          		CODE           	001D	0000	369

humedad_main.c estimated size: 369

timer1.c
		_isr           		CODE           	043F	0000	19
		_timer1_begin  		CODE           	03D8	0000	33

timer1.c estimated size: 52

C:\Program Files (x86)\Microchip\xc8\v2.05\pic\sources\c90\common\lwmod.c
		___lwmod       		CODE           	0357	0000	53

C:\Program Files (x86)\Microchip\xc8\v2.05\pic\sources\c90\common\lwmod.c estimated size: 53

./LCD8bit.h
		_LCD8_set_cursor		CODE           	0412	0000	26
		_LCD8_cmd      		CODE           	042B	0000	21
		_LCD8_begin    		CODE           	02C5	0000	85
		_LCD8_clear    		CODE           	046F	0000	12
		_LCD8_write    		CODE           	0451	0000	17
		_LCD8_strWrite 		CODE           	038B	0000	43

./LCD8bit.h estimated size: 204

