Microchip MPLAB XC8 Compiler V2.05 ()

Linker command line:

-W-3 --edf=C:\Program Files (x86)\Microchip\xc8\v2.05\pic\dat\en_msgs.txt \
  -cs -h+dist/default/debug\SL3.X.debug.sym \
  --cmf=dist/default/debug\SL3.X.debug.cmf -z -Q16F887 \
  -oC:\Users\jmoli\AppData\Local\Temp\s9ko.2 --defsym=__MPLAB_BUILD=1 \
  -Mdist/default/debug/SL3.X.debug.map -E1 -ver=XC8 --acfsm=1493 \
  -ASTACK=0110h-016Fh -pstack=STACK \
  -ACODE=00h-07FFhx3,01800h-01EFFh,01FFFh-01FFFh \
  -ASTRCODE=00h-01EFFh,01FFFh-01FFFh -ASTRING=00h-0FFhx31,01FFFh-01FFFh \
  -ACONST=00h-0FFhx31,01FFFh-01FFFh -AENTRY=00h-0FFhx31,01FFFh-01FFFh \
  -ACOMMON=071h-07Fh -ABANK0=020h-06Fh -ABANK1=0A0h-0EFh \
  -ABANK2=0110h-016Fh -ABANK3=0190h-01E4h \
  -ARAM=020h-06Fh,0A0h-0EFh,0110h-016Fh,0190h-01E4h \
  -AABS1=020h-07Fh,0A0h-0EFh,0110h-016Fh,0190h-01EFh -ASFR0=00h-01Fh \
  -ASFR1=080h-09Fh -ASFR2=0100h-010Fh -ASFR3=0180h-018Fh \
  -preset_vec=00h,intentry=04h,init,end_init -ppowerup=CODE -pcinit=CODE \
  -pfunctab=ENTRY -ACONFIG=02007h-02008h -pconfig=CONFIG -DCONFIG=2 \
  -AIDLOC=02000h-02003h -pidloc=IDLOC -DIDLOC=2 -AEEDATA=00h-0FFh/02100h \
  -peeprom_data=EEDATA -DEEDATA=2 -DCODE=2 -DSTRCODE=2 -DSTRING=2 -DCONST=2 \
  -DENTRY=2 -k C:\Users\jmoli\AppData\Local\Temp\s9ko.o \
  dist/default/debug\SL3.X.debug.o 

Object code version is 3.11

Machine type is 16F887



                Name                               Link     Load   Length Selector   Space Scale
C:\Users\jmoli\AppData\Local\Temp\s9ko.o
                end_init                              C        C        3        8       0
                reset_vec                             0        0        4        0       0
                config                             2007     2007        2     400E       0
dist/default/debug\SL3.X.debug.o
                cinit                               7F2      7F2        E      FE4       0
                intentry                              4        4        8        8       0
                text9                               5FF      5FF       63      BFE       0
                text8                               589      589       19      B12       0
                text7                               5A2      5A2       1A      B44       0
                text6                               572      572        9      AE4       0
                text5                               5DC      5DC       23      BB8       0
                text4                               662      662       6F      CC4       0
                text3                               6D1      6D1       7D      DA2       0
                text2                               57B      57B        E      AF6       0
                text1                               5BC      5BC       20      B78       0
                maintext                            74E      74E       A4      E9C       0
                cstackBANK0                          37       37        3       20       1
                cstackCOMMON                         71       71        7       71       1
                clrtext                             56A      56A        8      AD4       0
                bssBANK0                             20       20       17       20       1
                bssCOMMON                            78       78        3       71       1

TOTAL           Name                               Link     Load   Length     Space
        CLASS   STACK          

        CLASS   CODE           
                end_init                              C        C        3         0
                cinit                               7F2      7F2        E         0
                intentry                              4        4        8         0
                reset_vec                             0        0        4         0
                text9                               5FF      5FF       63         0
                text8                               589      589       19         0
                text7                               5A2      5A2       1A         0
                text6                               572      572        9         0
                text5                               5DC      5DC       23         0
                text4                               662      662       6F         0
                text3                               6D1      6D1       7D         0
                text2                               57B      57B        E         0
                text1                               5BC      5BC       20         0
                maintext                            74E      74E       A4         0
                clrtext                             56A      56A        8         0

        CLASS   STRCODE        

        CLASS   STRING         

        CLASS   CONST          

        CLASS   ENTRY          

        CLASS   COMMON         
                cstackCOMMON                         71       71        7         1
                bssCOMMON                            78       78        3         1

        CLASS   BANK0          
                cstackBANK0                          37       37        3         1
                bssBANK0                             20       20       17         1

        CLASS   BANK1          

        CLASS   BANK2          

        CLASS   BANK3          

        CLASS   RAM            

        CLASS   ABS1           
                abs_s1                               7E       7E        2         1

        CLASS   SFR0           

        CLASS   SFR1           

        CLASS   SFR2           

        CLASS   SFR3           

        CLASS   CONFIG         
                config                             2007     2007        2         0

        CLASS   IDLOC          

        CLASS   EEDATA         



SEGMENTS        Name                           Load    Length   Top    Selector   Space  Class     Delta

                reset_vec                      000000  000004  000004         0       0  CODE        2
                intentry                       000004  00000B  00000F         8       0  CODE        2
                bssBANK0                       000020  00001A  00003A        20       1  BANK0       1
                cstackCOMMON                   000071  00000A  00007B        71       1  COMMON      1
                clrtext                        00056A  000008  000572       AD4       0  CODE        2
                text6                          000572  000009  00057B       AE4       0  CODE        2
                text2                          00057B  00000E  000589       AF6       0  CODE        2
                text8                          000589  000019  0005A2       B12       0  CODE        2
                text7                          0005A2  00001A  0005BC       B44       0  CODE        2
                text1                          0005BC  000020  0005DC       B78       0  CODE        2
                text5                          0005DC  000023  0005FF       BB8       0  CODE        2
                text9                          0005FF  000063  000662       BFE       0  CODE        2
                text4                          000662  00006F  0006D1       CC4       0  CODE        2
                text3                          0006D1  00007D  00074E       DA2       0  CODE        2
                maintext                       00074E  0000A4  0007F2       E9C       0  CODE        2
                cinit                          0007F2  00000E  000800       FE4       0  CODE        2
                config                         002007  000002  002009      400E       0  CONFIG      2


UNUSED ADDRESS RANGES

        Name                Unused          Largest block    Delta
        BANK0            003A-006F             36           1
        BANK1            00A0-00EF             50           1
        BANK2            0110-016F             60           1
        BANK3            0190-01E4             55           1
        CODE             000F-0569            55B           2
                         0800-1EFF            800
                         1FFF-1FFF              1
        COMMON           007B-007D              3           1
        CONST            000F-0569            100           2
                         0800-1EFF            100
                         1FFF-1FFF              1
        EEDATA           2100-21FF            100           2
        ENTRY            000F-0569            100           2
                         0800-1EFF            100
                         1FFF-1FFF              1
        IDLOC            2000-2003              4           2
        RAM              003A-006F             36           1
                         00A0-00EF             50
                         0110-016F             60
                         0190-01E4             55
        SFR0             0000-001F             20           1
        SFR1             0080-009F             20           1
        SFR2             0100-010F             10           1
        SFR3             0180-018F             10           1
        STACK            0110-016F             60           1
        STRCODE          000F-0569            55B           2
                         0800-1EFF           1700
                         1FFF-1FFF              1
        STRING           000F-0569            100           2
                         0800-1EFF            100
                         1FFF-1FFF              1

                                  Symbol Table

I2C_Slave_Init@address    cstackCOMMON 0074
_ANSEL                    (abs)        0188
_BF                       (abs)        04A0
_GIE                      (abs)        005F
_I2C_Slave_Init           text8        0589
_INTCONbits               (abs)        000B
_OSCCONbits               (abs)        008F
_PEIE                     (abs)        005E
_PIE1bits                 (abs)        008C
_PIR1bits                 (abs)        000C
_PORTAbits                (abs)        0005
_PORTD                    (abs)        0008
_RCEN                     (abs)        048B
_RE0                      (abs)        0048
_SSPADD                   (abs)        0093
_SSPBUF                   (abs)        0013
_SSPCON                   (abs)        0014
_SSPCON2                  (abs)        0091
_SSPCON2bits              (abs)        0091
_SSPCONbits               (abs)        0014
_SSPIE                    (abs)        0463
_SSPIF                    (abs)        0063
_SSPSTAT                  (abs)        0094
_SSPSTATbits              (abs)        0094
_T1CONbits                (abs)        0010
_TMR1                     (abs)        000E
_TRISA0                   (abs)        0428
_TRISA1                   (abs)        0429
_TRISC3                   (abs)        043B
_TRISC4                   (abs)        043C
_TRISD                    (abs)        0088
__CFG_BOR4V$BOR40V        (abs)        0000
__CFG_BOREN$OFF           (abs)        0000
__CFG_CP$OFF              (abs)        0000
__CFG_CPD$OFF             (abs)        0000
__CFG_FCMEN$OFF           (abs)        0000
__CFG_FOSC$INTRC_NOCLKOUT (abs)        0000
__CFG_IESO$OFF            (abs)        0000
__CFG_LVP$OFF             (abs)        0000
__CFG_MCLRE$OFF           (abs)        0000
__CFG_PWRTE$OFF           (abs)        0000
__CFG_WDTE$OFF            (abs)        0000
__CFG_WRT$OFF             (abs)        0000
__Habs1                   abs1         0000
__Hbank0                  bank0        0000
__Hbank1                  bank1        0000
__Hbank2                  bank2        0000
__Hbank3                  bank3        0000
__HbssBANK0               bssBANK0     0000
__HbssCOMMON              bssCOMMON    0000
__Hcinit                  cinit        0800
__Hclrtext                clrtext      0000
__Hcode                   code         0000
__Hcommon                 common       0000
__Hconfig                 config       2009
__HcstackBANK0            cstackBANK0  0000
__HcstackCOMMON           cstackCOMMON 0000
__Heeprom_data            eeprom_data  0000
__Hend_init               end_init     000F
__Hfunctab                functab      0000
__Hidloc                  idloc        0000
__Hinit                   init         000C
__Hintentry               intentry     000C
__Hmaintext               maintext     0000
__Hpowerup                powerup      0000
__Hram                    ram          0000
__Hreset_vec              reset_vec    0004
__Hsfr0                   sfr0         0000
__Hsfr1                   sfr1         0000
__Hsfr2                   sfr2         0000
__Hsfr3                   sfr3         0000
__Hspace_0                (abs)        2009
__Hspace_1                (abs)        007B
__Hspace_2                (abs)        0000
__Hspace_3                (abs)        0000
__Hstack                  stack        0000
__Hstrings                strings      0000
__Htext                   text         0000
__Labs1                   abs1         0000
__Lbank0                  bank0        0000
__Lbank1                  bank1        0000
__Lbank2                  bank2        0000
__Lbank3                  bank3        0000
__LbssBANK0               bssBANK0     0000
__LbssCOMMON              bssCOMMON    0000
__Lcinit                  cinit        07F2
__Lclrtext                clrtext      0000
__Lcode                   code         0000
__Lcommon                 common       0000
__Lconfig                 config       2007
__LcstackBANK0            cstackBANK0  0000
__LcstackCOMMON           cstackCOMMON 0000
__Leeprom_data            eeprom_data  0000
__Lend_init               end_init     000C
__Lfunctab                functab      0000
__Lidloc                  idloc        0000
__Linit                   init         000C
__Lintentry               intentry     0004
__Lmaintext               maintext     0000
__Lpowerup                powerup      0000
__Lram                    ram          0000
__Lreset_vec              reset_vec    0000
__Lsfr0                   sfr0         0000
__Lsfr1                   sfr1         0000
__Lsfr2                   sfr2         0000
__Lsfr3                   sfr3         0000
__Lspace_0                (abs)        0000
__Lspace_1                (abs)        0000
__Lspace_2                (abs)        0000
__Lspace_3                (abs)        0000
__Lstack                  stack        0000
__Lstrings                strings      0000
__Ltext                   text         0000
__S0                      (abs)        2009
__S1                      (abs)        007B
__S2                      (abs)        0000
__S3                      (abs)        0000
___int_sp                 stack        0000
___latbits                (abs)        0002
___sp                     stack        0000
___stackhi                (abs)        0000
___stacklo                (abs)        0000
__end_of_I2C_Slave_Init   text8        05A2
__end_of__initialization  cinit        07FC
__end_of_dht11_begin      text7        05BC
__end_of_dht11_check      text6        057B
__end_of_dht11_read       text5        05FF
__end_of_full_rev         text4        06D1
__end_of_full_step        text3        074E
__end_of_isr              text9        0662
__end_of_main             maintext     07F2
__end_of_oscilator_begin  text2        0589
__end_of_timer1_begin     text1        05DC
__initialization          cinit        07F2
__pbssBANK0               bssBANK0     0020
__pbssCOMMON              bssCOMMON    0078
__pcstackBANK0            cstackBANK0  0037
__pcstackCOMMON           cstackCOMMON 0071
__pintentry               intentry     0004
__pmaintext               maintext     074E
__ptext1                  text1        05BC
__ptext2                  text2        057B
__ptext3                  text3        06D1
__ptext4                  text4        0662
__ptext5                  text5        05DC
__ptext6                  text6        0572
__ptext7                  text7        05A2
__ptext8                  text8        0589
__ptext9                  text9        05FF
__size_of_I2C_Slave_Init  (abs)        0000
__size_of_dht11_begin     (abs)        0000
__size_of_dht11_check     (abs)        0000
__size_of_dht11_read      (abs)        0000
__size_of_full_rev        (abs)        0000
__size_of_full_step       (abs)        0000
__size_of_isr             (abs)        0000
__size_of_main            (abs)        0000
__size_of_oscilator_begin (abs)        0000
__size_of_timer1_begin    (abs)        0000
_check                    bssBANK0     0032
_dht11_begin              text7        05A2
_dht11_check              text6        0572
_dht11_read               text5        05DC
_full_rev                 text4        0662
_full_step                text3        06D1
_hum_dec                  bssBANK0     0033
_hum_int                  bssBANK0     0034
_isr                      text9        05FF
_main                     maintext     074E
_oscilator_begin          text2        057B
_state                    bssBANK0     002E
_t1_count                 bssBANK0     0036
_temp_dec                 bssBANK0     0035
_temp_int                 bssCOMMON    007A
_timer1_begin             text1        05BC
_total                    bssBANK0     0031
_var                      bssBANK0     002F
_z                        bssBANK0     0030
btemp                     (abs)        007E
clear_ram0                clrtext      056A
dht11_read@i              bssBANK0     002D
dht11_read@temp           bssBANK0     002C
end_of_initialization     cinit        07FC
full_rev@a                bssBANK0     0024
full_rev@i                bssBANK0     0026
full_rev@steps            cstackCOMMON 0074
full_step@i               bssCOMMON    0078
full_step@steps           cstackCOMMON 0074
interrupt_function        intentry     0004
intlevel0                 functab      0000
intlevel1                 functab      0000
intlevel2                 functab      0000
intlevel3                 functab      0000
intlevel4                 functab      0000
intlevel5                 functab      0000
oscilator_begin@freq      cstackCOMMON 0075
reset_vec                 reset_vec    0000
saved_w                   (abs)        007E
start                     init         000C
start_initialization      cinit        07F2
timer1_begin@offset       cstackCOMMON 0077
timer1_begin@prescaler    cstackCOMMON 0074
wave_rev@a                bssBANK0     0020
wave_rev@i                bssBANK0     0022
wave_step@a               bssBANK0     0028
wave_step@i               bssBANK0     002A
wtemp0                    (abs)        007E


FUNCTION INFORMATION:

 *************** function _main *****************
 Defined at:
		line 79 in file "Esclavo3.c"
 Parameters:    Size  Location     Type
		None
 Auto vars:     Size  Location     Type
		None
 Return value:  Size  Location     Type
                  1    wreg      void 
 Registers used:
		wreg, status,2, status,0, pclath, cstack
 Tracked objects:
		On entry : 
		On exit  : 
		Unchanged: 
 Data sizes:     COMMON   BANK0   BANK1   BANK3   BANK2
      Params:         0       0       0       0       0
      Locals:         0       0       0       0       0
      Temps:          0       3       0       0       0
      Totals:         0       3       0       0       0
Total ram usage:        3 bytes
 Hardware stack levels required when called:    2
 This function calls:
		_I2C_Slave_Init
		_dht11_begin
		_dht11_check
		_dht11_read
		_full_rev
		_full_step
		_oscilator_begin
		_timer1_begin
 This function is called by:
		Startup code after reset
 This function uses a non-reentrant model


 *************** function _timer1_begin *****************
 Defined at:
		line 8 in file "timer1.c"
 Parameters:    Size  Location     Type
  offset          1    wreg     unsigned char 
  prescaler       1    3[COMMON] unsigned char 
 Auto vars:     Size  Location     Type
  offset          1    6[COMMON] unsigned char 
 Return value:  Size  Location     Type
                  1    wreg      void 
 Registers used:
		wreg, status,2, status,0
 Tracked objects:
		On entry : 
		On exit  : 
		Unchanged: 
 Data sizes:     COMMON   BANK0   BANK1   BANK3   BANK2
      Params:         1       0       0       0       0
      Locals:         1       0       0       0       0
      Temps:          2       0       0       0       0
      Totals:         4       0       0       0       0
Total ram usage:        4 bytes
 Hardware stack levels used:    1
 Hardware stack levels required when called:    1
 This function calls:
		Nothing
 This function is called by:
		_main
 This function uses a non-reentrant model


 *************** function _oscilator_begin *****************
 Defined at:
		line 9 in file "./Oscilator.h"
 Parameters:    Size  Location     Type
  freq            1    wreg     unsigned char 
 Auto vars:     Size  Location     Type
  freq            1    4[COMMON] unsigned char 
 Return value:  Size  Location     Type
                  1    wreg      void 
 Registers used:
		wreg, status,2, status,0
 Tracked objects:
		On entry : 
		On exit  : 
		Unchanged: 
 Data sizes:     COMMON   BANK0   BANK1   BANK3   BANK2
      Params:         0       0       0       0       0
      Locals:         1       0       0       0       0
      Temps:          1       0       0       0       0
      Totals:         2       0       0       0       0
Total ram usage:        2 bytes
 Hardware stack levels used:    1
 Hardware stack levels required when called:    1
 This function calls:
		Nothing
 This function is called by:
		_main
 This function uses a non-reentrant model


 *************** function _full_step *****************
 Defined at:
		line 9 in file "stepper.c"
 Parameters:    Size  Location     Type
  steps           2    3[COMMON] unsigned int 
 Auto vars:     Size  Location     Type
		None
 Return value:  Size  Location     Type
                  1    wreg      void 
 Registers used:
		wreg, status,2, status,0
 Tracked objects:
		On entry : 
		On exit  : 
		Unchanged: 
 Data sizes:     COMMON   BANK0   BANK1   BANK3   BANK2
      Params:         2       0       0       0       0
      Locals:         0       0       0       0       0
      Temps:          2       0       0       0       0
      Totals:         4       0       0       0       0
Total ram usage:        4 bytes
 Hardware stack levels used:    1
 Hardware stack levels required when called:    1
 This function calls:
		Nothing
 This function is called by:
		_main
 This function uses a non-reentrant model


 *************** function _full_rev *****************
 Defined at:
		line 69 in file "stepper.c"
 Parameters:    Size  Location     Type
  steps           2    3[COMMON] unsigned int 
 Auto vars:     Size  Location     Type
		None
 Return value:  Size  Location     Type
                  1    wreg      void 
 Registers used:
		wreg, status,2, status,0
 Tracked objects:
		On entry : 
		On exit  : 
		Unchanged: 
 Data sizes:     COMMON   BANK0   BANK1   BANK3   BANK2
      Params:         2       0       0       0       0
      Locals:         0       0       0       0       0
      Temps:          2       0       0       0       0
      Totals:         4       0       0       0       0
Total ram usage:        4 bytes
 Hardware stack levels used:    1
 Hardware stack levels required when called:    1
 This function calls:
		Nothing
 This function is called by:
		_main
 This function uses a non-reentrant model


 *************** function _dht11_read *****************
 Defined at:
		line 30 in file "dht11_h.c"
 Parameters:    Size  Location     Type
		None
 Auto vars:     Size  Location     Type
		None
 Return value:  Size  Location     Type
                  1    wreg      unsigned char 
 Registers used:
		wreg, status,2, status,0
 Tracked objects:
		On entry : 
		On exit  : 
		Unchanged: 
 Data sizes:     COMMON   BANK0   BANK1   BANK3   BANK2
      Params:         0       0       0       0       0
      Locals:         0       0       0       0       0
      Temps:          2       0       0       0       0
      Totals:         2       0       0       0       0
Total ram usage:        2 bytes
 Hardware stack levels used:    1
 Hardware stack levels required when called:    1
 This function calls:
		Nothing
 This function is called by:
		_main
 This function uses a non-reentrant model


 *************** function _dht11_check *****************
 Defined at:
		line 23 in file "dht11_h.c"
 Parameters:    Size  Location     Type
		None
 Auto vars:     Size  Location     Type
		None
 Return value:  Size  Location     Type
                  1    wreg      void 
 Registers used:
		None
 Tracked objects:
		On entry : 
		On exit  : 
		Unchanged: 
 Data sizes:     COMMON   BANK0   BANK1   BANK3   BANK2
      Params:         0       0       0       0       0
      Locals:         0       0       0       0       0
      Temps:          0       0       0       0       0
      Totals:         0       0       0       0       0
Total ram usage:        0 bytes
 Hardware stack levels used:    1
 Hardware stack levels required when called:    1
 This function calls:
		Nothing
 This function is called by:
		_main
 This function uses a non-reentrant model


 *************** function _dht11_begin *****************
 Defined at:
		line 12 in file "dht11_h.c"
 Parameters:    Size  Location     Type
		None
 Auto vars:     Size  Location     Type
		None
 Return value:  Size  Location     Type
                  1    wreg      void 
 Registers used:
		wreg
 Tracked objects:
		On entry : 
		On exit  : 
		Unchanged: 
 Data sizes:     COMMON   BANK0   BANK1   BANK3   BANK2
      Params:         0       0       0       0       0
      Locals:         0       0       0       0       0
      Temps:          2       0       0       0       0
      Totals:         2       0       0       0       0
Total ram usage:        2 bytes
 Hardware stack levels used:    1
 Hardware stack levels required when called:    1
 This function calls:
		Nothing
 This function is called by:
		_main
 This function uses a non-reentrant model


 *************** function _I2C_Slave_Init *****************
 Defined at:
		line 93 in file "./I2C.h"
 Parameters:    Size  Location     Type
  address         2    3[COMMON] short 
 Auto vars:     Size  Location     Type
		None
 Return value:  Size  Location     Type
                  1    wreg      void 
 Registers used:
		wreg
 Tracked objects:
		On entry : 
		On exit  : 
		Unchanged: 
 Data sizes:     COMMON   BANK0   BANK1   BANK3   BANK2
      Params:         2       0       0       0       0
      Locals:         0       0       0       0       0
      Temps:          0       0       0       0       0
      Totals:         2       0       0       0       0
Total ram usage:        2 bytes
 Hardware stack levels used:    1
 Hardware stack levels required when called:    1
 This function calls:
		Nothing
 This function is called by:
		_main
 This function uses a non-reentrant model


 *************** function _isr *****************
 Defined at:
		line 32 in file "Esclavo3.c"
 Parameters:    Size  Location     Type
		None
 Auto vars:     Size  Location     Type
		None
 Return value:  Size  Location     Type
                  1    wreg      void 
 Registers used:
		wreg, status,2, status,0
 Tracked objects:
		On entry : 
		On exit  : 
		Unchanged: 
 Data sizes:     COMMON   BANK0   BANK1   BANK3   BANK2
      Params:         0       0       0       0       0
      Locals:         0       0       0       0       0
      Temps:          3       0       0       0       0
      Totals:         3       0       0       0       0
Total ram usage:        3 bytes
 Hardware stack levels used:    1
 This function calls:
		Nothing
 This function is called by:
		Interrupt level 1
 This function uses a non-reentrant model



MODULE INFORMATION

Module		Function		Class		Link	Load	Size
dht11_h.c
		_dht11_read    		CODE           	05DC	0000	36
		_dht11_begin   		CODE           	05A2	0000	27
		_dht11_check   		CODE           	0572	0000	10

dht11_h.c estimated size: 73

./Oscilator.h
		_oscilator_begin		CODE           	057B	0000	15

./Oscilator.h estimated size: 15

stepper.c
		_full_step     		CODE           	06D1	0000	126
		_full_rev      		CODE           	0662	0000	112

stepper.c estimated size: 238

shared
		__initialization		CODE           	07F2	0000	11

shared estimated size: 11

./I2C.h
		_I2C_Slave_Init		CODE           	0589	0000	26

./I2C.h estimated size: 26

Esclavo3.c
		_main          		CODE           	074E	0000	165
		_isr           		CODE           	05FF	0000	100

Esclavo3.c estimated size: 265

timer1.c
		_timer1_begin  		CODE           	05BC	0000	33

timer1.c estimated size: 33

